Component: ARM Compiler 5.06 update 4 (build 422) Tool: armlink [4d35d2]

==============================================================================

Section Cross References

    startup_stm32f407xx.o(RESET) refers to startup_stm32f407xx.o(STACK) for __initial_sp
    startup_stm32f407xx.o(RESET) refers to startup_stm32f407xx.o(.text) for Reset_Handler
    startup_stm32f407xx.o(RESET) refers to stm32f4xx_it.o(i.NMI_Handler) for NMI_Handler
    startup_stm32f407xx.o(RESET) refers to stm32f4xx_it.o(i.HardFault_Handler) for HardFault_Handler
    startup_stm32f407xx.o(RESET) refers to stm32f4xx_it.o(i.MemManage_Handler) for MemManage_Handler
    startup_stm32f407xx.o(RESET) refers to stm32f4xx_it.o(i.BusFault_Handler) for BusFault_Handler
    startup_stm32f407xx.o(RESET) refers to stm32f4xx_it.o(i.UsageFault_Handler) for UsageFault_Handler
    startup_stm32f407xx.o(RESET) refers to stm32f4xx_it.o(i.SVC_Handler) for SVC_Handler
    startup_stm32f407xx.o(RESET) refers to stm32f4xx_it.o(i.DebugMon_Handler) for DebugMon_Handler
    startup_stm32f407xx.o(RESET) refers to stm32f4xx_it.o(i.PendSV_Handler) for PendSV_Handler
    startup_stm32f407xx.o(RESET) refers to stm32f4xx_it.o(i.SysTick_Handler) for SysTick_Handler
    startup_stm32f407xx.o(RESET) refers to stm32f4xx_it.o(i.EXTI9_5_IRQHandler) for EXTI9_5_IRQHandler
    startup_stm32f407xx.o(RESET) refers to stm32f4xx_it.o(i.TIM1_UP_TIM10_IRQHandler) for TIM1_UP_TIM10_IRQHandler
    startup_stm32f407xx.o(RESET) refers to stm32f4xx_it.o(i.USART1_IRQHandler) for USART1_IRQHandler
    startup_stm32f407xx.o(RESET) refers to stm32f4xx_it.o(i.DMA2_Stream0_IRQHandler) for DMA2_Stream0_IRQHandler
    startup_stm32f407xx.o(.text) refers to system_stm32f4xx.o(i.SystemInit) for SystemInit
    startup_stm32f407xx.o(.text) refers to entry.o(.ARM.Collect$$$$00000000) for __main
    tdoa.o(i.TDOA_Get_distanceANDangle) refers to dflti.o(.text) for __aeabi_i2d
    tdoa.o(i.TDOA_Get_distanceANDangle) refers to dmul.o(.text) for __aeabi_dmul
    tdoa.o(i.TDOA_Get_distanceANDangle) refers to pow.o(i.__hardfp_pow) for __hardfp_pow
    tdoa.o(i.TDOA_Get_distanceANDangle) refers to dadd.o(.text) for __aeabi_dadd
    tdoa.o(i.TDOA_Get_distanceANDangle) refers to ddiv.o(.text) for __aeabi_ddiv
    tdoa.o(i.TDOA_Get_distanceANDangle) refers to exti.o(.data) for MIT2_S
    tdoa.o(i.TDOA_Get_distanceANDangle) refers to cdrcmple.o(.text) for __aeabi_cdrcmple
    tdoa.o(i.TDOA_Get_distanceANDangle) refers to sqrt.o(i.__hardfp_sqrt) for __hardfp_sqrt
    tdoa.o(i.TDOA_Get_distanceANDangle) refers to fabs.o(i.__hardfp_fabs) for __hardfp_fabs
    tdoa.o(i.TDOA_Get_distanceANDangle) refers to cdcmple.o(.text) for __aeabi_cdcmple
    tdoa.o(i.TDOA_Get_distanceANDangle) refers to printfa.o(i.__0printf) for __2printf
    tdoa.o(i.TDOA_Get_distanceANDangle) refers to stm32f4xx_hal_gpio.o(i.HAL_GPIO_WritePin) for HAL_GPIO_WritePin
    tdoa.o(i.TDOA_Get_distanceANDangle) refers to stm32f4xx_hal.o(i.HAL_Delay) for HAL_Delay
    tdoa.o(i.TDOA_Get_distanceANDangle) refers to atan.o(i.__hardfp_atan) for __hardfp_atan
    tdoa.o(i.TDOA_Get_distanceANDangle) refers to acos.o(i.__hardfp_acos) for __hardfp_acos
    exti.o(i.MIT_init) refers to exti.o(.data) for .data
    oled.o(i.OLED_Clear) refers to oled.o(i.OLED_WR_CMD) for OLED_WR_CMD
    oled.o(i.OLED_Clear) refers to oled.o(i.OLED_WR_DATA) for OLED_WR_DATA
    oled.o(i.OLED_Clearrow) refers to oled.o(i.OLED_WR_CMD) for OLED_WR_CMD
    oled.o(i.OLED_Clearrow) refers to oled.o(i.OLED_WR_DATA) for OLED_WR_DATA
    oled.o(i.OLED_Display_Off) refers to oled.o(i.OLED_WR_CMD) for OLED_WR_CMD
    oled.o(i.OLED_Display_On) refers to oled.o(i.OLED_WR_CMD) for OLED_WR_CMD
    oled.o(i.OLED_Init) refers to stm32f4xx_hal.o(i.HAL_Delay) for HAL_Delay
    oled.o(i.OLED_Init) refers to oled.o(i.WriteCmd) for WriteCmd
    oled.o(i.OLED_On) refers to oled.o(i.OLED_WR_CMD) for OLED_WR_CMD
    oled.o(i.OLED_On) refers to oled.o(i.OLED_WR_DATA) for OLED_WR_DATA
    oled.o(i.OLED_Set_Pos) refers to oled.o(i.OLED_WR_CMD) for OLED_WR_CMD
    oled.o(i.OLED_ShowCHinese) refers to oled.o(i.OLED_Set_Pos) for OLED_Set_Pos
    oled.o(i.OLED_ShowCHinese) refers to oled.o(i.OLED_WR_DATA) for OLED_WR_DATA
    oled.o(i.OLED_ShowCHinese) refers to oled.o(.data) for .data
    oled.o(i.OLED_ShowChar) refers to oled.o(i.OLED_Set_Pos) for OLED_Set_Pos
    oled.o(i.OLED_ShowChar) refers to oled.o(i.OLED_WR_DATA) for OLED_WR_DATA
    oled.o(i.OLED_ShowChar) refers to oled.o(.constdata) for .constdata
    oled.o(i.OLED_ShowNum) refers to oled.o(i.oled_pow) for oled_pow
    oled.o(i.OLED_ShowNum) refers to oled.o(i.OLED_ShowChar) for OLED_ShowChar
    oled.o(i.OLED_ShowString) refers to oled.o(i.OLED_ShowChar) for OLED_ShowChar
    oled.o(i.OLED_WR_CMD) refers to stm32f4xx_hal_i2c.o(i.HAL_I2C_Mem_Write) for HAL_I2C_Mem_Write
    oled.o(i.OLED_WR_CMD) refers to i2c.o(.bss) for hi2c1
    oled.o(i.OLED_WR_DATA) refers to stm32f4xx_hal_i2c.o(i.HAL_I2C_Mem_Write) for HAL_I2C_Mem_Write
[...]
    ../mathlib/dunder.c                      0x00000000   Number         0  dunder.o ABSOLUTE
    ../mathlib/fabs.c                        0x00000000   Number         0  fabs.o ABSOLUTE
    ../mathlib/fpclassify.c                  0x00000000   Number         0  fpclassify.o ABSOLUTE
    ../mathlib/poly.c                        0x00000000   Number         0  poly.o ABSOLUTE
    ../mathlib/pow.c                         0x00000000   Number         0  pow.o ABSOLUTE
    ../mathlib/pow.c                         0x00000000   Number         0  pow_x.o ABSOLUTE
    ../mathlib/qnan.c                        0x00000000   Number         0  qnan.o ABSOLUTE
    ../mathlib/sqrt.c                        0x00000000   Number         0  sqrt_x.o ABSOLUTE
    ../mathlib/sqrt.c                        0x00000000   Number         0  sqrt.o ABSOLUTE
    ..\Core\Src\adc.c                        0x00000000   Number         0  adc.o ABSOLUTE
    ..\Core\Src\dma.c                        0x00000000   Number         0  dma.o ABSOLUTE
    ..\Core\Src\gpio.c                       0x00000000   Number         0  gpio.o ABSOLUTE
    ..\Core\Src\i2c.c                        0x00000000   Number         0  i2c.o ABSOLUTE
    ..\Core\Src\main.c                       0x00000000   Number         0  main.o ABSOLUTE
    ..\Core\Src\stm32f4xx_hal_msp.c          0x00000000   Number         0  stm32f4xx_hal_msp.o ABSOLUTE
    ..\Core\Src\stm32f4xx_it.c               0x00000000   Number         0  stm32f4xx_it.o ABSOLUTE
    ..\Core\Src\system_stm32f4xx.c           0x00000000   Number         0  system_stm32f4xx.o ABSOLUTE
    ..\Core\Src\tim.c                        0x00000000   Number         0  tim.o ABSOLUTE
    ..\Core\Src\usart.c                      0x00000000   Number         0  usart.o ABSOLUTE
    ..\Drivers\STM32F4xx_HAL_Driver\Src\stm32f4xx_hal.c 0x00000000   Number         0  stm32f4xx_hal.o ABSOLUTE
    ..\Drivers\STM32F4xx_HAL_Driver\Src\stm32f4xx_hal_adc.c 0x00000000   Number         0  stm32f4xx_hal_adc.o ABSOLUTE
    ..\Drivers\STM32F4xx_HAL_Driver\Src\stm32f4xx_hal_adc_ex.c 0x00000000   Number         0  stm32f4xx_hal_adc_ex.o ABSOLUTE
    ..\Drivers\STM32F4xx_HAL_Driver\Src\stm32f4xx_hal_cortex.c 0x00000000   Number         0  stm32f4xx_hal_cortex.o ABSOLUTE
    ..\Drivers\STM32F4xx_HAL_Driver\Src\stm32f4xx_hal_dma.c 0x00000000   Number         0  stm32f4xx_hal_dma.o ABSOLUTE
    ..\Drivers\STM32F4xx_HAL_Driver\Src\stm32f4xx_hal_dma_ex.c 0x00000000   Number         0  stm32f4xx_hal_dma_ex.o ABSOLUTE
    ..\Drivers\STM32F4xx_HAL_Driver\Src\stm32f4xx_hal_exti.c 0x00000000   Number         0  stm32f4xx_hal_exti.o ABSOLUTE
    ..\Drivers\STM32F4xx_HAL_Driver\Src\stm32f4xx_hal_flash.c 0x00000000   Number         0  stm32f4xx_hal_flash.o ABSOLUTE
    ..\Drivers\STM32F4xx_HAL_Driver\Src\stm32f4xx_hal_flash_ex.c 0x00000000   Number         0  stm32f4xx_hal_flash_ex.o ABSOLUTE
    ..\Drivers\STM32F4xx_HAL_Driver\Src\stm32f4xx_hal_flash_ramfunc.c 0x00000000   Number         0  stm32f4xx_hal_flash_ramfunc.o ABSOLUTE
    ..\Drivers\STM32F4xx_HAL_Driver\Src\stm32f4xx_hal_gpio.c 0x00000000   Number         0  stm32f4xx_hal_gpio.o ABSOLUTE
    ..\Drivers\STM32F4xx_HAL_Driver\Src\stm32f4xx_hal_i2c.c 0x00000000   Number         0  stm32f4xx_hal_i2c.o ABSOLUTE
    ..\Drivers\STM32F4xx_HAL_Driver\Src\stm32f4xx_hal_i2c_ex.c 0x00000000   Number         0  stm32f4xx_hal_i2c_ex.o ABSOLUTE
    ..\Drivers\STM32F4xx_HAL_Driver\Src\stm32f4xx_hal_pwr.c 0x00000000   Number         0  stm32f4xx_hal_pwr.o ABSOLUTE
    ..\Drivers\STM32F4xx_HAL_Driver\Src\stm32f4xx_hal_pwr_ex.c 0x00000000   Number         0  stm32f4xx_hal_pwr_ex.o ABSOLUTE
    ..\Drivers\STM32F4xx_HAL_Driver\Src\stm32f4xx_hal_rcc.c 0x00000000   Number         0  stm32f4xx_hal_rcc.o ABSOLUTE
    ..\Drivers\STM32F4xx_HAL_Driver\Src\stm32f4xx_hal_rcc_ex.c 0x00000000   Number         0  stm32f4xx_hal_rcc_ex.o ABSOLUTE
    ..\Drivers\STM32F4xx_HAL_Driver\Src\stm32f4xx_hal_tim.c 0x00000000   Number         0  stm32f4xx_hal_tim.o ABSOLUTE
    ..\Drivers\STM32F4xx_HAL_Driver\Src\stm32f4xx_hal_tim_ex.c 0x00000000   Number         0  stm32f4xx_hal_tim_ex.o ABSOLUTE
    ..\Drivers\STM32F4xx_HAL_Driver\Src\stm32f4xx_hal_uart.c 0x00000000   Number         0  stm32f4xx_hal_uart.o ABSOLUTE
    ..\EXTI\exti.c                           0x00000000   Number         0  exti.o ABSOLUTE
    ..\TDOA\TDOA.c                           0x00000000   Number         0  tdoa.o ABSOLUTE
    ..\\EXTI\\exti.c                         0x00000000   Number         0  exti.o ABSOLUTE
    ..\\TDOA\\TDOA.c                         0x00000000   Number         0  tdoa.o ABSOLUTE
    ..\\oled\\oled.c                         0x00000000   Number         0  oled.o ABSOLUTE
    ..\oled\oled.c                           0x00000000   Number         0  oled.o ABSOLUTE
    cdcmple.s                                0x00000000   Number         0  cdcmple.o ABSOLUTE
    cdrcmple.s                               0x00000000   Number         0  cdrcmple.o ABSOLUTE
    dc.s                                     0x00000000   Number         0  dc.o ABSOLUTE
    handlers.s                               0x00000000   Number         0  handlers.o ABSOLUTE
    init.s                                   0x00000000   Number         0  init.o ABSOLUTE
    startup_stm32f407xx.s                    0x00000000   Number         0  startup_stm32f407xx.o ABSOLUTE
    RESET                                    0x08000000   Section      392  startup_stm32f407xx.o(RESET)
    .ARM.Collect$$$$00000000                 0x08000188   Section        0  entry.o(.ARM.Collect$$$$00000000)
    .ARM.Collect$$$$00000001                 0x08000188   Section        4  entry2.o(.ARM.Collect$$$$00000001)
    .ARM.Collect$$$$00000004                 0x0800018c   Section        4  entry5.o(.ARM.Collect$$$$00000004)
    .ARM.Collect$$$$00000008                 0x08000190   Section        0  entry7b.o(.ARM.Collect$$$$00000008)
    .ARM.Collect$$$$0000000A                 0x08000190   Section        0  entry8b.o(.ARM.Collect$$$$0000000A)
    .ARM.Collect$$$$0000000B                 0x08000190   Section        8  entry9a.o(.ARM.Collect$$$$0000000B)
    .ARM.Collect$$$$0000000D                 0x08000198   Section        0  entry10a.o(.ARM.Collect$$$$0000000D)
    .ARM.Collect$$$$0000000F                 0x08000198   Section        0  entry11a.o(.ARM.Collect$$$$0000000F)
    .ARM.Collect$$$$00002712                 0x08000198   Section        4  entry2.o(.ARM.Collect$$$$00002712)
    __lit__00000000                          0x08000198   Data           4  entry2.o(.ARM.Collect$$$$00002712)
    .text                                    0x0800019c   Section       36  startup_stm32f407xx.o(.text)
    $v0                                      0x0800019c   Number         0  startup_stm32f407xx.o(.text)
    .text                                    0x080001c0   Section        0  uldiv.o(.text)
    .text                                    0x08000222   Section        0  memcpya.o(.text)
    .text                                    0x08000246   Section        0  memseta.o(.text)
    .text                                    0x0800026a   Section        0  dadd.o(.text)
    .text                                    0x080003b8   Section        0  dmul.o(.text)
    .text                                    0x0800049c   Section        0  ddiv.o(.text)
    .text                                    0x0800057a   Section        0  dflti.o(.text)
    .text                                    0x0800059c   Section       48  cdcmple.o(.text)
    .text                                    0x080005cc   Section       48  cdrcmple.o(.text)
    .text                                    0x080005fc   Section        0  uidiv.o(.text)
    .text                                    0x08000628   Section        0  llshl.o(.text)
    .text                                    0x08000646   Section        0  llushr.o(.text)
    .text                                    0x08000666   Section        0  llsshr.o(.text)
    .text                                    0x0800068a   Section        0  depilogue.o(.text)
    .text                                    0x0800068a   Section        0  iusefp.o(.text)
    .text                                    0x08000744   Section        0  dscalb.o(.text)
    .text                                    0x08000772   Section        0  dsqrt.o(.text)
    .text                                    0x08000814   Section        0  dfixul.o(.text)
    .text                                    0x08000844   Section       36  init.o(.text)
    i.ADC_DMAConvCplt                        0x08000868   Section        0  stm32f4xx_hal_adc.o(i.ADC_DMAConvCplt)
    ADC_DMAConvCplt                          0x08000869   Thumb Code   110  stm32f4xx_hal_adc.o(i.ADC_DMAConvCplt)
    i.ADC_DMAError                           0x080008d6   Section        0  stm32f4xx_hal_adc.o(i.ADC_DMAError)
    ADC_DMAError                             0x080008d7   Thumb Code    22  stm32f4xx_hal_adc.o(i.ADC_DMAError)
    i.ADC_DMAHalfConvCplt                    0x080008ec   Section        0  stm32f4xx_hal_adc.o(i.ADC_DMAHalfConvCplt)
    ADC_DMAHalfConvCplt                      0x080008ed   Thumb Code    10  stm32f4xx_hal_adc.o(i.ADC_DMAHalfConvCplt)
    i.ADC_Init                               0x080008f8   Section        0  stm32f4xx_hal_adc.o(i.ADC_Init)
    ADC_Init                                 0x080008f9   Thumb Code   284  stm32f4xx_hal_adc.o(i.ADC_Init)
    i.BusFault_Handler                       0x08000a20   Section        0  stm32f4xx_it.o(i.BusFault_Handler)
    i.DMA2_Stream0_IRQHandler                0x08000a24   Section        0  stm32f4xx_it.o(i.DMA2_Stream0_IRQHandler)
    i.DMA_CalcBaseAndBitshift                0x08000a30   Section        0  stm32f4xx_hal_dma.o(i.DMA_CalcBaseAndBitshift)
    DMA_CalcBaseAndBitshift                  0x08000a31   Thumb Code    34  stm32f4xx_hal_dma.o(i.DMA_CalcBaseAndBitshift)
    i.DMA_CheckFifoParam                     0x08000a58   Section        0  stm32f4xx_hal_dma.o(i.DMA_CheckFifoParam)
    DMA_CheckFifoParam                       0x08000a59   Thumb Code    84  stm32f4xx_hal_dma.o(i.DMA_CheckFifoParam)
    i.DMA_SetConfig                          0x08000aac   Section        0  stm32f4xx_hal_dma.o(i.DMA_SetConfig)
    DMA_SetConfig                            0x08000aad   Thumb Code    40  stm32f4xx_hal_dma.o(i.DMA_SetConfig)
    i.DebugMon_Handler                       0x08000ad4   Section        0  stm32f4xx_it.o(i.DebugMon_Handler)
    i.EXTI9_5_IRQHandler                     0x08000ad6   Section        0  stm32f4xx_it.o(i.EXTI9_5_IRQHandler)
    i.Error_Handler                          0x08000ade   Section        0  main.o(i.Error_Handler)
    i.HAL_ADC_ConfigChannel                  0x08000ae4   Section        0  stm32f4xx_hal_adc.o(i.HAL_ADC_ConfigChannel)
    i.HAL_ADC_ConvCpltCallback               0x08000c30   Section        0  stm32f4xx_hal_adc.o(i.HAL_ADC_ConvCpltCallback)
    i.HAL_ADC_ConvHalfCpltCallback           0x08000c32   Section        0  stm32f4xx_hal_adc.o(i.HAL_ADC_ConvHalfCpltCallback)
    i.HAL_ADC_ErrorCallback                  0x08000c34   Section        0  stm32f4xx_hal_adc.o(i.HAL_ADC_ErrorCallback)
    i.HAL_ADC_Init                           0x08000c36   Section        0  stm32f4xx_hal_adc.o(i.HAL_ADC_Init)
    i.HAL_ADC_MspInit                        0x08000c8c   Section        0  adc.o(i.HAL_ADC_MspInit)
    i.HAL_ADC_Start_DMA                      0x08000d24   Section        0  stm32f4xx_hal_adc.o(i.HAL_ADC_Start_DMA)
    i.HAL_DMA_Abort                          0x08000e78   Section        0  stm32f4xx_hal_dma.o(i.HAL_DMA_Abort)
    i.HAL_DMA_Abort_IT                       0x08000f0a   Section        0  stm32f4xx_hal_dma.o(i.HAL_DMA_Abort_IT)
    i.HAL_DMA_IRQHandler                     0x08000f30   Section        0  stm32f4xx_hal_dma.o(i.HAL_DMA_IRQHandler)
    i.HAL_DMA_Init                           0x080010d0   Section        0  stm32f4xx_hal_dma.o(i.HAL_DMA_Init)
    i.HAL_DMA_Start_IT                       0x080011a4   Section        0  stm32f4xx_hal_dma.o(i.HAL_DMA_Start_IT)
    i.HAL_Delay                              0x08001214   Section        0  stm32f4xx_hal.o(i.HAL_Delay)
    i.HAL_GPIO_EXTI_Callback                 0x08001238   Section        0  stm32f4xx_hal_gpio.o(i.HAL_GPIO_EXTI_Callback)
    i.HAL_GPIO_EXTI_IRQHandler               0x0800123c   Section        0  stm32f4xx_hal_gpio.o(i.HAL_GPIO_EXTI_IRQHandler)
    i.HAL_GPIO_Init                          0x08001254   Section        0  stm32f4xx_hal_gpio.o(i.HAL_GPIO_Init)
    i.HAL_GPIO_WritePin                      0x08001424   Section        0  stm32f4xx_hal_gpio.o(i.HAL_GPIO_WritePin)
    i.HAL_GetTick                            0x08001430   Section        0  stm32f4xx_hal.o(i.HAL_GetTick)
    i.HAL_I2C_Init                           0x0800143c   Section        0  stm32f4xx_hal_i2c.o(i.HAL_I2C_Init)
    i.HAL_I2C_Mem_Write                      0x080015c4   Section        0  stm32f4xx_hal_i2c.o(i.HAL_I2C_Mem_Write)
    i.HAL_I2C_MspInit                        0x080016f4   Section        0  i2c.o(i.HAL_I2C_MspInit)
    i.HAL_IncTick                            0x0800175c   Section        0  stm32f4xx_hal.o(i.HAL_IncTick)
    i.HAL_Init                               0x0800176c   Section        0  stm32f4xx_hal.o(i.HAL_Init)
    i.HAL_InitTick                           0x080017a0   Section        0  stm32f4xx_hal.o(i.HAL_InitTick)
    i.HAL_MspInit                            0x080017e0   Section        0  stm32f4xx_hal_msp.o(i.HAL_MspInit)
    i.HAL_NVIC_EnableIRQ                     0x08001810   Section        0  stm32f4xx_hal_cortex.o(i.HAL_NVIC_EnableIRQ)
    i.HAL_NVIC_SetPriority                   0x0800182c   Section        0  stm32f4xx_hal_cortex.o(i.HAL_NVIC_SetPriority)
    i.HAL_NVIC_SetPriorityGrouping           0x0800186c   Section        0  stm32f4xx_hal_cortex.o(i.HAL_NVIC_SetPriorityGrouping)
    i.HAL_RCC_ClockConfig                    0x08001890   Section        0  stm32f4xx_hal_rcc.o(i.HAL_RCC_ClockConfig)
    i.HAL_RCC_GetPCLK1Freq                   0x080019c4   Section        0  stm32f4xx_hal_rcc.o(i.HAL_RCC_GetPCLK1Freq)
    i.HAL_RCC_GetPCLK2Freq                   0x080019e4   Section        0  stm32f4xx_hal_rcc.o(i.HAL_RCC_GetPCLK2Freq)
    i.HAL_RCC_GetSysClockFreq                0x08001a04   Section        0  stm32f4xx_hal_rcc.o(i.HAL_RCC_GetSysClockFreq)
    i.HAL_RCC_OscConfig                      0x08001a68   Section        0  stm32f4xx_hal_rcc.o(i.HAL_RCC_OscConfig)
    i.HAL_SYSTICK_Config                     0x08001dc0   Section        0  stm32f4xx_hal_cortex.o(i.HAL_SYSTICK_Config)
    i.HAL_TIMEx_BreakCallback                0x08001de8   Section        0  stm32f4xx_hal_tim_ex.o(i.HAL_TIMEx_BreakCallback)
    i.HAL_TIMEx_CommutCallback               0x08001dea   Section        0  stm32f4xx_hal_tim_ex.o(i.HAL_TIMEx_CommutCallback)
    i.HAL_TIMEx_MasterConfigSynchronization  0x08001dec   Section        0  stm32f4xx_hal_tim_ex.o(i.HAL_TIMEx_MasterConfigSynchronization)
    i.HAL_TIM_Base_Init                      0x08001e7c   Section        0  stm32f4xx_hal_tim.o(i.HAL_TIM_Base_Init)
    i.HAL_TIM_Base_MspInit                   0x08001ed8   Section        0  tim.o(i.HAL_TIM_Base_MspInit)
    i.HAL_TIM_Base_Start_IT                  0x08001f14   Section        0  stm32f4xx_hal_tim.o(i.HAL_TIM_Base_Start_IT)
    i.HAL_TIM_ConfigClockSource              0x08001f94   Section        0  stm32f4xx_hal_tim.o(i.HAL_TIM_ConfigClockSource)
    i.HAL_TIM_IC_CaptureCallback             0x08002070   Section        0  stm32f4xx_hal_tim.o(i.HAL_TIM_IC_CaptureCallback)
    i.HAL_TIM_IRQHandler                     0x08002072   Section        0  stm32f4xx_hal_tim.o(i.HAL_TIM_IRQHandler)
    i.HAL_TIM_MspPostInit                    0x080021d8   Section        0  tim.o(i.HAL_TIM_MspPostInit)
    i.HAL_TIM_OC_DelayElapsedCallback        0x08002228   Section        0  stm32f4xx_hal_tim.o(i.HAL_TIM_OC_DelayElapsedCallback)
    i.HAL_TIM_PWM_ConfigChannel              0x0800222a   Section        0  stm32f4xx_hal_tim.o(i.HAL_TIM_PWM_ConfigChannel)
    i.HAL_TIM_PWM_Init                       0x080022f6   Section        0  stm32f4xx_hal_tim.o(i.HAL_TIM_PWM_Init)
    i.HAL_TIM_PWM_MspInit                    0x08002350   Section        0  tim.o(i.HAL_TIM_PWM_MspInit)
    i.HAL_TIM_PWM_PulseFinishedCallback      0x08002374   Section        0  stm32f4xx_hal_tim.o(i.HAL_TIM_PWM_PulseFinishedCallback)
    i.HAL_TIM_PWM_Start                      0x08002378   Section        0  stm32f4xx_hal_tim.o(i.HAL_TIM_PWM_Start)
    i.HAL_TIM_PeriodElapsedCallback          0x08002448   Section        0  main.o(i.HAL_TIM_PeriodElapsedCallback)
    i.HAL_TIM_TriggerCallback                0x080024c4   Section        0  stm32f4xx_hal_tim.o(i.HAL_TIM_TriggerCallback)
    i.HAL_UARTEx_RxEventCallback             0x080024c6   Section        0  stm32f4xx_hal_uart.o(i.HAL_UARTEx_RxEventCallback)
    i.HAL_UART_ErrorCallback                 0x080024c8   Section        0  stm32f4xx_hal_uart.o(i.HAL_UART_ErrorCallback)
    i.HAL_UART_IRQHandler                    0x080024cc   Section        0  stm32f4xx_hal_uart.o(i.HAL_UART_IRQHandler)
    i.HAL_UART_Init                          0x08002734   Section        0  stm32f4xx_hal_uart.o(i.HAL_UART_Init)
    i.HAL_UART_MspInit                       0x08002798   Section        0  usart.o(i.HAL_UART_MspInit)
    i.HAL_UART_RxCpltCallback                0x08002814   Section        0  stm32f4xx_hal_uart.o(i.HAL_UART_RxCpltCallback)
    i.HAL_UART_Transmit                      0x08002816   Section        0  stm32f4xx_hal_uart.o(i.HAL_UART_Transmit)
    i.HAL_UART_TxCpltCallback                0x080028c6   Section        0  stm32f4xx_hal_uart.o(i.HAL_UART_TxCpltCallback)
    i.HardFault_Handler                      0x080028c8   Section        0  stm32f4xx_it.o(i.HardFault_Handler)
    i.I2C_IsAcknowledgeFailed                0x080028ca   Section        0  stm32f4xx_hal_i2c.o(i.I2C_IsAcknowledgeFailed)
    I2C_IsAcknowledgeFailed                  0x080028cb   Thumb Code    46  stm32f4xx_hal_i2c.o(i.I2C_IsAcknowledgeFailed)
    i.I2C_RequestMemoryWrite                 0x080028f8   Section        0  stm32f4xx_hal_i2c.o(i.I2C_RequestMemoryWrite)
    I2C_RequestMemoryWrite                   0x080028f9   Thumb Code   162  stm32f4xx_hal_i2c.o(i.I2C_RequestMemoryWrite)
    i.I2C_WaitOnBTFFlagUntilTimeout          0x080029a0   Section        0  stm32f4xx_hal_i2c.o(i.I2C_WaitOnBTFFlagUntilTimeout)
    I2C_WaitOnBTFFlagUntilTimeout            0x080029a1   Thumb Code    76  stm32f4xx_hal_i2c.o(i.I2C_WaitOnBTFFlagUntilTimeout)
    i.I2C_WaitOnFlagUntilTimeout             0x080029ec   Section        0  stm32f4xx_hal_i2c.o(i.I2C_WaitOnFlagUntilTimeout)
    I2C_WaitOnFlagUntilTimeout               0x080029ed   Thumb Code   104  stm32f4xx_hal_i2c.o(i.I2C_WaitOnFlagUntilTimeout)
    i.I2C_WaitOnMasterAddressFlagUntilTimeout 0x08002a54   Section        0  stm32f4xx_hal_i2c.o(i.I2C_WaitOnMasterAddressFlagUntilTimeout)
    I2C_WaitOnMasterAddressFlagUntilTimeout  0x08002a55   Thumb Code   152  stm32f4xx_hal_i2c.o(i.I2C_WaitOnMasterAddressFlagUntilTimeout)
    i.I2C_WaitOnTXEFlagUntilTimeout          0x08002aec   Section        0  stm32f4xx_hal_i2c.o(i.I2C_WaitOnTXEFlagUntilTimeout)
    I2C_WaitOnTXEFlagUntilTimeout            0x08002aed   Thumb Code    76  stm32f4xx_hal_i2c.o(i.I2C_WaitOnTXEFlagUntilTimeout)
    i.MIT_init                               0x08002b38   Section        0  exti.o(i.MIT_init)
    i.MX_ADC1_Init                           0x08002b58   Section        0  adc.o(i.MX_ADC1_Init)
    i.MX_DMA_Init                            0x08002bf8   Section        0  dma.o(i.MX_DMA_Init)
    i.MX_GPIO_Init                           0x08002c24   Section        0  gpio.o(i.MX_GPIO_Init)
    i.MX_I2C1_Init                           0x08002cdc   Section        0  i2c.o(i.MX_I2C1_Init)
    i.MX_TIM1_Init                           0x08002d1c   Section        0  tim.o(i.MX_TIM1_Init)
    i.MX_TIM2_Init                           0x08002d84   Section        0  tim.o(i.MX_TIM2_Init)
    i.MX_USART1_UART_Init                    0x08002df4   Section        0  usart.o(i.MX_USART1_UART_Init)
    i.MemManage_Handler                      0x08002e2c   Section        0  stm32f4xx_it.o(i.MemManage_Handler)
    i.NMI_Handler                            0x08002e2e   Section        0  stm32f4xx_it.o(i.NMI_Handler)
    i.OLED_Clear                             0x08002e30   Section        0  oled.o(i.OLED_Clear)
    i.OLED_Display_On                        0x08002e64   Section        0  oled.o(i.OLED_Display_On)
    i.OLED_Init                              0x08002e7c   Section        0  oled.o(i.OLED_Init)
    i.OLED_Set_Pos                           0x08002e8e   Section        0  oled.o(i.OLED_Set_Pos)
    i.OLED_ShowChar                          0x08002eb0   Section        0  oled.o(i.OLED_ShowChar)
    i.OLED_ShowString                        0x08002f34   Section        0  oled.o(i.OLED_ShowString)
    i.OLED_WR_CMD                            0x08002f6c   Section        0  oled.o(i.OLED_WR_CMD)
    i.OLED_WR_DATA                           0x08002f90   Section        0  oled.o(i.OLED_WR_DATA)
    i.PendSV_Handler                         0x08002fb4   Section        0  stm32f4xx_it.o(i.PendSV_Handler)
    i.SVC_Handler                            0x08002fb6   Section        0  stm32f4xx_it.o(i.SVC_Handler)
    i.SysTick_Handler                        0x08002fb8   Section        0  stm32f4xx_it.o(i.SysTick_Handler)
    i.SystemClock_Config                     0x08002fbc   Section        0  main.o(i.SystemClock_Config)
    i.SystemInit                             0x08003050   Section        0  system_stm32f4xx.o(i.SystemInit)
    i.TDOA_Get_distanceANDangle              0x08003060   Section        0  tdoa.o(i.TDOA_Get_distanceANDangle)
    i.TDOA_Init                              0x080039f8   Section        0  tdoa.o(i.TDOA_Init)
    i.TIM1_UP_TIM10_IRQHandler               0x08003a80   Section        0  stm32f4xx_it.o(i.TIM1_UP_TIM10_IRQHandler)
    i.TIM_Base_SetConfig                     0x08003a8c   Section        0  stm32f4xx_hal_tim.o(i.TIM_Base_SetConfig)
    i.TIM_CCxChannelCmd                      0x08003b54   Section        0  stm32f4xx_hal_tim.o(i.TIM_CCxChannelCmd)
    i.TIM_ETR_SetConfig                      0x08003b6e   Section        0  stm32f4xx_hal_tim.o(i.TIM_ETR_SetConfig)
    i.TIM_ITRx_SetConfig                     0x08003b82   Section        0  stm32f4xx_hal_tim.o(i.TIM_ITRx_SetConfig)
    TIM_ITRx_SetConfig                       0x08003b83   Thumb Code    16  stm32f4xx_hal_tim.o(i.TIM_ITRx_SetConfig)
    i.TIM_OC1_SetConfig                      0x08003b94   Section        0  stm32f4xx_hal_tim.o(i.TIM_OC1_SetConfig)
    TIM_OC1_SetConfig                        0x08003b95   Thumb Code    88  stm32f4xx_hal_tim.o(i.TIM_OC1_SetConfig)
    i.TIM_OC2_SetConfig                      0x08003bf4   Section        0  stm32f4xx_hal_tim.o(i.TIM_OC2_SetConfig)
    i.TIM_OC3_SetConfig                      0x08003c60   Section        0  stm32f4xx_hal_tim.o(i.TIM_OC3_SetConfig)
    TIM_OC3_SetConfig                        0x08003c61   Thumb Code    96  stm32f4xx_hal_tim.o(i.TIM_OC3_SetConfig)
    i.TIM_OC4_SetConfig                      0x08003cc8   Section        0  stm32f4xx_hal_tim.o(i.TIM_OC4_SetConfig)
    TIM_OC4_SetConfig                        0x08003cc9   Thumb Code    70  stm32f4xx_hal_tim.o(i.TIM_OC4_SetConfig)
    i.TIM_TI1_ConfigInputStage               0x08003d18   Section        0  stm32f4xx_hal_tim.o(i.TIM_TI1_ConfigInputStage)
    TIM_TI1_ConfigInputStage                 0x08003d19   Thumb Code    34  stm32f4xx_hal_tim.o(i.TIM_TI1_ConfigInputStage)
    i.TIM_TI2_ConfigInputStage               0x08003d3a   Section        0  stm32f4xx_hal_tim.o(i.TIM_TI2_ConfigInputStage)
    TIM_TI2_ConfigInputStage                 0x08003d3b   Thumb Code    36  stm32f4xx_hal_tim.o(i.TIM_TI2_ConfigInputStage)
    i.UART_DMAAbortOnError                   0x08003d5e   Section        0  stm32f4xx_hal_uart.o(i.UART_DMAAbortOnError)
    UART_DMAAbortOnError                     0x08003d5f   Thumb Code    16  stm32f4xx_hal_uart.o(i.UART_DMAAbortOnError)
    i.UART_EndRxTransfer                     0x08003d6e   Section        0  stm32f4xx_hal_uart.o(i.UART_EndRxTransfer)
    UART_EndRxTransfer                       0x08003d6f   Thumb Code    78  stm32f4xx_hal_uart.o(i.UART_EndRxTransfer)
    i.UART_Receive_IT                        0x08003dbc   Section        0  stm32f4xx_hal_uart.o(i.UART_Receive_IT)
    UART_Receive_IT                          0x08003dbd   Thumb Code   192  stm32f4xx_hal_uart.o(i.UART_Receive_IT)
    i.UART_SetConfig                         0x08003e7c   Section        0  stm32f4xx_hal_uart.o(i.UART_SetConfig)
    UART_SetConfig                           0x08003e7d   Thumb Code   258  stm32f4xx_hal_uart.o(i.UART_SetConfig)
    i.UART_WaitOnFlagUntilTimeout            0x08003f88   Section        0  stm32f4xx_hal_uart.o(i.UART_WaitOnFlagUntilTimeout)
    UART_WaitOnFlagUntilTimeout              0x08003f89   Thumb Code   118  stm32f4xx_hal_uart.o(i.UART_WaitOnFlagUntilTimeout)
    i.USART1_IRQHandler                      0x08004000   Section        0  stm32f4xx_it.o(i.USART1_IRQHandler)
    i.UsageFault_Handler                     0x0800400c   Section        0  stm32f4xx_it.o(i.UsageFault_Handler)
    i.WriteCmd                               0x0800400e   Section        0  oled.o(i.WriteCmd)
    i.__0printf                              0x080040c0   Section        0  printfa.o(i.__0printf)
    i.__0sprintf                             0x080040e0   Section        0  printfa.o(i.__0sprintf)
    i.__ARM_fpclassify                       0x08004108   Section        0  fpclassify.o(i.__ARM_fpclassify)
    i.__NVIC_SetPriority                     0x08004138   Section        0  stm32f4xx_hal_cortex.o(i.__NVIC_SetPriority)
    __NVIC_SetPriority                       0x08004139   Thumb Code    32  stm32f4xx_hal_cortex.o(i.__NVIC_SetPriority)
    i.__hardfp_acos                          0x08004158   Section        0  acos.o(i.__hardfp_acos)
    i.__hardfp_atan                          0x080044b0   Section        0  atan.o(i.__hardfp_atan)
    i.__hardfp_fabs                          0x08004788   Section        0  fabs.o(i.__hardfp_fabs)
    i.__hardfp_pow                           0x080047a0   Section        0  pow.o(i.__hardfp_pow)
    i.__hardfp_sqrt                          0x080053f0   Section        0  sqrt.o(i.__hardfp_sqrt)
    i.__kernel_poly                          0x0800546a   Section        0  poly.o(i.__kernel_poly)
    i.__mathlib_dbl_divzero                  0x08005568   Section        0  dunder.o(i.__mathlib_dbl_divzero)
    i.__mathlib_dbl_infnan                   0x08005598   Section        0  dunder.o(i.__mathlib_dbl_infnan)
    i.__mathlib_dbl_infnan2                  0x080055ac   Section        0  dunder.o(i.__mathlib_dbl_infnan2)
    i.__mathlib_dbl_invalid                  0x080055c0   Section        0  dunder.o(i.__mathlib_dbl_invalid)
    i.__mathlib_dbl_overflow                 0x080055e0   Section        0  dunder.o(i.__mathlib_dbl_overflow)
    i.__mathlib_dbl_underflow                0x08005600   Section        0  dunder.o(i.__mathlib_dbl_underflow)
    i.__scatterload_copy                     0x08005620   Section       14  handlers.o(i.__scatterload_copy)
    i.__scatterload_null                     0x0800562e   Section        2  handlers.o(i.__scatterload_null)
    i.__scatterload_zeroinit                 0x08005630   Section       14  handlers.o(i.__scatterload_zeroinit)
    i.__set_errno                            0x08005640   Section        0  errno.o(i.__set_errno)
    i._fp_digits                             0x0800564c   Section        0  printfa.o(i._fp_digits)
    _fp_digits                               0x0800564d   Thumb Code   366  printfa.o(i._fp_digits)
    i._printf_core                           0x080057d0   Section        0  printfa.o(i._printf_core)
    _printf_core                             0x080057d1   Thumb Code  1744  printfa.o(i._printf_core)
    i._printf_post_padding                   0x08005eac   Section        0  printfa.o(i._printf_post_padding)
    _printf_post_padding                     0x08005ead   Thumb Code    36  printfa.o(i._printf_post_padding)
    i._printf_pre_padding                    0x08005ed0   Section        0  printfa.o(i._printf_pre_padding)
    _printf_pre_padding                      0x08005ed1   Thumb Code    46  printfa.o(i._printf_pre_padding)
    i._sputc                                 0x08005efe   Section        0  printfa.o(i._sputc)
    _sputc                                   0x08005eff   Thumb Code    10  printfa.o(i._sputc)
    i.fabs                                   0x08005f08   Section        0  fabs.o(i.fabs)
    i.fputc                                  0x08005f20   Section        0  usart.o(i.fputc)
    i.main                                   0x08005f38   Section        0  main.o(i.main)
    i.sqrt                                   0x08006144   Section        0  sqrt.o(i.sqrt)
    .constdata                               0x080061b2   Section     2072  oled.o(.constdata)
    .constdata                               0x080069ca   Section        8  stm32f4xx_hal_dma.o(.constdata)
    flagBitshiftOffset                       0x080069ca   Data           8  stm32f4xx_hal_dma.o(.constdata)
    .constdata                               0x080069d2   Section       16  system_stm32f4xx.o(.constdata)
    .constdata                               0x080069e2   Section        8  system_stm32f4xx.o(.constdata)
    .constdata                               0x080069f0   Section       80  acos.o(.constdata)
    pS                                       0x080069f0   Data          48  acos.o(.constdata)
    qS                                       0x08006a20   Data          32  acos.o(.constdata)
    .constdata                               0x08006a40   Section      152  atan.o(.constdata)
    atanhi                                   0x08006a40   Data          32  atan.o(.constdata)
    atanlo                                   0x08006a60   Data          32  atan.o(.constdata)
    aTodd                                    0x08006a80   Data          40  atan.o(.constdata)
    aTeven                                   0x08006aa8   Data          48  atan.o(.constdata)
    .constdata                               0x08006ad8   Section      136  pow.o(.constdata)
    bp                                       0x08006ad8   Data          16  pow.o(.constdata)
    dp_h                                     0x08006ae8   Data          16  pow.o(.constdata)
    dp_l                                     0x08006af8   Data          16  pow.o(.constdata)
    L                                        0x08006b08   Data          48  pow.o(.constdata)
    P                                        0x08006b38   Data          40  pow.o(.constdata)
    .constdata                               0x08006b60   Section        8  qnan.o(.constdata)
    .data                                    0x20000000   Section       32  exti.o(.data)
    .data                                    0x20000020   Section        8  main.o(.data)
    .data                                    0x20000028   Section       12  stm32f4xx_hal.o(.data)
    .data                                    0x20000034   Section        4  system_stm32f4xx.o(.data)
    .data                                    0x20000038   Section        4  stdout.o(.data)
    .data                                    0x2000003c   Section        4  errno.o(.data)
    _errno                                   0x2000003c   Data           4  errno.o(.data)
    .bss                                     0x20000040   Section      248  tdoa.o(.bss)
    .bss                                     0x20000138   Section       16  main.o(.bss)
    .bss                                     0x20000148   Section      168  adc.o(.bss)
    .bss                                     0x200001f0   Section       84  i2c.o(.bss)
    .bss                                     0x20000244   Section      144  tim.o(.bss)
    .bss                                     0x200002d4   Section       68  usart.o(.bss)
    STACK                                    0x20000318   Section     1024  startup_stm32f407xx.o(STACK)

    Global Symbols

    Symbol Name                              Value     Ov Type        Size  Object(Section)

    BuildAttributes$$THM_ISAv4$E$P$D$K$B$S$7EM$VFPi3$EXTD16$VFPS$VFMA$PE$A:L22UL41UL21$X:L11$S22US41US21$IEEE1$IW$USESV6$~STKCKD$USESV7$~SHL$OTIME$ROPI$IEEEX$EBA8$MICROLIB$REQ8$PRES8$EABIv2 0x00000000   Number         0  anon$$obj.o ABSOLUTE
    __ARM_use_no_argv                        0x00000000   Number         0  main.o ABSOLUTE
    _printf_a                                0x00000000   Number         0  stubs.o ABSOLUTE
    _printf_c                                0x00000000   Number         0  stubs.o ABSOLUTE
    _printf_charcount                        0x00000000   Number         0  stubs.o ABSOLUTE
    _printf_d                                0x00000000   Number         0  stubs.o ABSOLUTE
    _printf_e                                0x00000000   Number         0  stubs.o ABSOLUTE
    _printf_f                                0x00000000   Number         0  stubs.o ABSOLUTE
    _printf_flags                            0x00000000   Number         0  stubs.o ABSOLUTE
    _printf_fp_dec                           0x00000000   Number         0  stubs.o ABSOLUTE
    _printf_fp_hex                           0x00000000   Number         0  stubs.o ABSOLUTE
    _printf_g                                0x00000000   Number         0  stubs.o ABSOLUTE
    _printf_i                                0x00000000   Number         0  stubs.o ABSOLUTE
    _printf_int_dec                          0x00000000   Number         0  stubs.o ABSOLUTE
    _printf_l                                0x00000000   Number         0  stubs.o ABSOLUTE
    _printf_lc                               0x00000000   Number         0  stubs.o ABSOLUTE
    _printf_ll                               0x00000000   Number         0  stubs.o ABSOLUTE
    _printf_lld                              0x00000000   Number         0  stubs.o ABSOLUTE
    _printf_lli                              0x00000000   Number         0  stubs.o ABSOLUTE
    _printf_llo                              0x00000000   Number         0  stubs.o ABSOLUTE
    _printf_llu                              0x00000000   Number         0  stubs.o ABSOLUTE
    _printf_llx                              0x00000000   Number         0  stubs.o ABSOLUTE
    _printf_longlong_dec                     0x00000000   Number         0  stubs.o ABSOLUTE
    _printf_longlong_hex                     0x00000000   Number         0  stubs.o ABSOLUTE
    _printf_longlong_oct                     0x00000000   Number         0  stubs.o ABSOLUTE
    _printf_ls                               0x00000000   Number         0  stubs.o ABSOLUTE
    _printf_mbtowc                           0x00000000   Number         0  stubs.o ABSOLUTE
    _printf_n                                0x00000000   Number         0  stubs.o ABSOLUTE
    _printf_o                                0x00000000   Number         0  stubs.o ABSOLUTE
    _printf_p                                0x00000000   Number         0  stubs.o ABSOLUTE
    _printf_percent                          0x00000000   Number         0  stubs.o ABSOLUTE
    _printf_pre_padding                      0x00000000   Number         0  stubs.o ABSOLUTE
    _printf_return_value                     0x00000000   Number         0  stubs.o ABSOLUTE
    _printf_s                                0x00000000   Number         0  stubs.o ABSOLUTE
    _printf_sizespec                         0x00000000   Number         0  stubs.o ABSOLUTE
    _printf_str                              0x00000000   Number         0  stubs.o ABSOLUTE
    _printf_truncate_signed                  0x00000000   Number         0  stubs.o ABSOLUTE
    _printf_truncate_unsigned                0x00000000   Number         0  stubs.o ABSOLUTE
    _printf_u                                0x00000000   Number         0  stubs.o ABSOLUTE
    _printf_wc                               0x00000000   Number         0  stubs.o ABSOLUTE
    _printf_wctomb                           0x00000000   Number         0  stubs.o ABSOLUTE
    _printf_widthprec                        0x00000000   Number         0  stubs.o ABSOLUTE
    _printf_x                                0x00000000   Number         0  stubs.o ABSOLUTE
    __cpp_initialize__aeabi_                  - Undefined Weak Reference
    __cxa_finalize                            - Undefined Weak Reference
    __decompress                              - Undefined Weak Reference
    _clock_init                               - Undefined Weak Reference
    _microlib_exit                            - Undefined Weak Reference
    __Vectors_Size                           0x00000188   Number         0  startup_stm32f407xx.o ABSOLUTE
    __Vectors                                0x08000000   Data           4  startup_stm32f407xx.o(RESET)
    __Vectors_End                            0x08000188   Data           0  startup_stm32f407xx.o(RESET)
    __main                                   0x08000189   Thumb Code     0  entry.o(.ARM.Collect$$$$00000000)
    _main_stk                                0x08000189   Thumb Code     0  entry2.o(.ARM.Collect$$$$00000001)
    _main_scatterload                        0x0800018d   Thumb Code     0  entry5.o(.ARM.Collect$$$$00000004)
    __main_after_scatterload                 0x08000191   Thumb Code     0  entry5.o(.ARM.Collect$$$$00000004)
    _main_clock                              0x08000191   Thumb Code     0  entry7b.o(.ARM.Collect$$$$00000008)
    _main_cpp_init                           0x08000191   Thumb Code     0  entry8b.o(.ARM.Collect$$$$0000000A)
    _main_init                               0x08000191   Thumb Code     0  entry9a.o(.ARM.Collect$$$$0000000B)
    __rt_final_cpp                           0x08000199   Thumb Code     0  entry10a.o(.ARM.Collect$$$$0000000D)
    __rt_final_exit                          0x08000199   Thumb Code     0  entry11a.o(.ARM.Collect$$$$0000000F)
    Reset_Handler                            0x0800019d   Thumb Code     8  startup_stm32f407xx.o(.text)
    ADC_IRQHandler                           0x080001b7   Thumb Code     0  startup_stm32f407xx.o(.text)
    CAN1_RX0_IRQHandler                      0x080001b7   Thumb Code     0  startup_stm32f407xx.o(.text)
    CAN1_RX1_IRQHandler                      0x080001b7   Thumb Code     0  startup_stm32f407xx.o(.text)
    CAN1_SCE_IRQHandler                      0x080001b7   Thumb Code     0  startup_stm32f407xx.o(.text)
    CAN1_TX_IRQHandler                       0x080001b7   Thumb Code     0  startup_stm32f407xx.o(.text)
    CAN2_RX0_IRQHandler                      0x080001b7   Thumb Code     0  startup_stm32f407xx.o(.text)
    CAN2_RX1_IRQHandler                      0x080001b7   Thumb Code     0  startup_stm32f407xx.o(.text)
    CAN2_SCE_IRQHandler                      0x080001b7   Thumb Code     0  startup_stm32f407xx.o(.text)
    CAN2_TX_IRQHandler                       0x080001b7   Thumb Code     0  startup_stm32f407xx.o(.text)
    DCMI_IRQHandler                          0x080001b7   Thumb Code     0  startup_stm32f407xx.o(.text)
    DMA1_Stream0_IRQHandler                  0x080001b7   Thumb Code     0  startup_stm32f407xx.o(.text)
    DMA1_Stream1_IRQHandler                  0x080001b7   Thumb Code     0  startup_stm32f407xx.o(.text)
    DMA1_Stream2_IRQHandler                  0x080001b7   Thumb Code     0  startup_stm32f407xx.o(.text)
    DMA1_Stream3_IRQHandler                  0x080001b7   Thumb Code     0  startup_stm32f407xx.o(.text)
    DMA1_Stream4_IRQHandler                  0x080001b7   Thumb Code     0  startup_stm32f407xx.o(.text)
    DMA1_Stream5_IRQHandler                  0x080001b7   Thumb Code     0  startup_stm32f407xx.o(.text)
    DMA1_Stream6_IRQHandler                  0x080001b7   Thumb Code     0  startup_stm32f407xx.o(.text)
    DMA1_Stream7_IRQHandler                  0x080001b7   Thumb Code     0  startup_stm32f407xx.o(.text)
    DMA2_Stream1_IRQHandler                  0x080001b7   Thumb Code     0  startup_stm32f407xx.o(.text)
    DMA2_Stream2_IRQHandler                  0x080001b7   Thumb Code     0  startup_stm32f407xx.o(.text)
    DMA2_Stream3_IRQHandler                  0x080001b7   Thumb Code     0  startup_stm32f407xx.o(.text)
    DMA2_Stream4_IRQHandler                  0x080001b7   Thumb Code     0  startup_stm32f407xx.o(.text)
    DMA2_Stream5_IRQHandler                  0x080001b7   Thumb Code     0  startup_stm32f407xx.o(.text)
    DMA2_Stream6_IRQHandler                  0x080001b7   Thumb Code     0  startup_stm32f407xx.o(.text)
    DMA2_Stream7_IRQHandler                  0x080001b7   Thumb Code     0  startup_stm32f407xx.o(.text)
    ETH_IRQHandler                           0x080001b7   Thumb Code     0  startup_stm32f407xx.o(.text)
    ETH_WKUP_IRQHandler                      0x080001b7   Thumb Code     0  startup_stm32f407xx.o(.text)
    EXTI0_IRQHandler                         0x080001b7   Thumb Code     0  startup_stm32f407xx.o(.text)
    EXTI15_10_IRQHandler                     0x080001b7   Thumb Code     0  startup_stm32f407xx.o(.text)
    EXTI1_IRQHandler                         0x080001b7   Thumb Code     0  startup_stm32f407xx.o(.text)
    EXTI2_IRQHandler                         0x080001b7   Thumb Code     0  startup_stm32f407xx.o(.text)
    EXTI3_IRQHandler                         0x080001b7   Thumb Code     0  startup_stm32f407xx.o(.text)
    EXTI4_IRQHandler                         0x080001b7   Thumb Code     0  startup_stm32f407xx.o(.text)
    FLASH_IRQHandler                         0x080001b7   Thumb Code     0  startup_stm32f407xx.o(.text)
    FMC_IRQHandler                           0x080001b7   Thumb Code     0  startup_stm32f407xx.o(.text)
    FPU_IRQHandler                           0x080001b7   Thumb Code     0  startup_stm32f407xx.o(.text)
    HASH_RNG_IRQHandler                      0x080001b7   Thumb Code     0  startup_stm32f407xx.o(.text)
    I2C1_ER_IRQHandler                       0x080001b7   Thumb Code     0  startup_stm32f407xx.o(.text)
    I2C1_EV_IRQHandler                       0x080001b7   Thumb Code     0  startup_stm32f407xx.o(.text)
    I2C2_ER_IRQHandler                       0x080001b7   Thumb Code     0  startup_stm32f407xx.o(.text)
    I2C2_EV_IRQHandler                       0x080001b7   Thumb Code     0  startup_stm32f407xx.o(.text)
    I2C3_ER_IRQHandler                       0x080001b7   Thumb Code     0  startup_stm32f407xx.o(.text)
    I2C3_EV_IRQHandler                       0x080001b7   Thumb Code     0  startup_stm32f407xx.o(.text)
    OTG_FS_IRQHandler                        0x080001b7   Thumb Code     0  startup_stm32f407xx.o(.text)
    OTG_FS_WKUP_IRQHandler                   0x080001b7   Thumb Code     0  startup_stm32f407xx.o(.text)
    OTG_HS_EP1_IN_IRQHandler                 0x080001b7   Thumb Code     0  startup_stm32f407xx.o(.text)
    OTG_HS_EP1_OUT_IRQHandler                0x080001b7   Thumb Code     0  startup_stm32f407xx.o(.text)
    OTG_HS_IRQHandler                        0x080001b7   Thumb Code     0  startup_stm32f407xx.o(.text)
    OTG_HS_WKUP_IRQHandler                   0x080001b7   Thumb Code     0  startup_stm32f407xx.o(.text)
    PVD_IRQHandler                           0x080001b7   Thumb Code     0  startup_stm32f407xx.o(.text)
    RCC_IRQHandler                           0x080001b7   Thumb Code     0  startup_stm32f407xx.o(.text)
    RTC_Alarm_IRQHandler                     0x080001b7   Thumb Code     0  startup_stm32f407xx.o(.text)
    RTC_WKUP_IRQHandler                      0x080001b7   Thumb Code     0  startup_stm32f407xx.o(.text)
    SDIO_IRQHandler                          0x080001b7   Thumb Code     0  startup_stm32f407xx.o(.text)
    SPI1_IRQHandler                          0x080001b7   Thumb Code     0  startup_stm32f407xx.o(.text)
    SPI2_IRQHandler                          0x080001b7   Thumb Code     0  startup_stm32f407xx.o(.text)
    SPI3_IRQHandler                          0x080001b7   Thumb Code     0  startup_stm32f407xx.o(.text)
    TAMP_STAMP_IRQHandler                    0x080001b7   Thumb Code     0  startup_stm32f407xx.o(.text)
    TIM1_BRK_TIM9_IRQHandler                 0x080001b7   Thumb Code     0  startup_stm32f407xx.o(.text)
    TIM1_CC_IRQHandler                       0x080001b7   Thumb Code     0  startup_stm32f407xx.o(.text)
    TIM1_TRG_COM_TIM11_IRQHandler            0x080001b7   Thumb Code     0  startup_stm32f407xx.o(.text)
    TIM2_IRQHandler                          0x080001b7   Thumb Code     0  startup_stm32f407xx.o(.text)
    TIM3_IRQHandler                          0x080001b7   Thumb Code     0  startup_stm32f407xx.o(.text)
    TIM4_IRQHandler                          0x080001b7   Thumb Code     0  startup_stm32f407xx.o(.text)
    TIM5_IRQHandler                          0x080001b7   Thumb Code     0  startup_stm32f407xx.o(.text)
    TIM6_DAC_IRQHandler                      0x080001b7   Thumb Code     0  startup_stm32f407xx.o(.text)
    TIM7_IRQHandler                          0x080001b7   Thumb Code     0  startup_stm32f407xx.o(.text)
    TIM8_BRK_TIM12_IRQHandler                0x080001b7   Thumb Code     0  startup_stm32f407xx.o(.text)
    TIM8_CC_IRQHandler                       0x080001b7   Thumb Code     0  startup_stm32f407xx.o(.text)
    TIM8_TRG_COM_TIM14_IRQHandler            0x080001b7   Thumb Code     0  startup_stm32f407xx.o(.text)
    TIM8_UP_TIM13_IRQHandler                 0x080001b7   Thumb Code     0  startup_stm32f407xx.o(.text)
    UART4_IRQHandler                         0x080001b7   Thumb Code     0  startup_stm32f407xx.o(.text)
    UART5_IRQHandler                         0x080001b7   Thumb Code     0  startup_stm32f407xx.o(.text)
    USART2_IRQHandler                        0x080001b7   Thumb Code     0  startup_stm32f407xx.o(.text)
    USART3_IRQHandler                        0x080001b7   Thumb Code     0  startup_stm32f407xx.o(.text)
    USART6_IRQHandler                        0x080001b7   Thumb Code     0  startup_stm32f407xx.o(.text)
    WWDG_IRQHandler                          0x080001b7   Thumb Code     0  startup_stm32f407xx.o(.text)
    __aeabi_uldivmod                         0x080001c1   Thumb Code    98  uldiv.o(.text)
    __aeabi_memcpy                           0x08000223   Thumb Code    36  memcpya.o(.text)
    __aeabi_memcpy4                          0x08000223   Thumb Code     0  memcpya.o(.text)
    __aeabi_memcpy8                          0x08000223   Thumb Code     0  memcpya.o(.text)
    __aeabi_memset                           0x08000247   Thumb Code    14  memseta.o(.text)
    __aeabi_memset4                          0x08000247   Thumb Code     0  memseta.o(.text)
    __aeabi_memset8                          0x08000247   Thumb Code     0  memseta.o(.text)
    __aeabi_memclr                           0x08000255   Thumb Code     4  memseta.o(.text)
    __aeabi_memclr4                          0x08000255   Thumb Code     0  memseta.o(.text)
    __aeabi_memclr8                          0x08000255   Thumb Code     0  memseta.o(.text)
    _memset$wrapper                          0x08000259   Thumb Code    18  memseta.o(.text)
    __aeabi_dadd                             0x0800026b   Thumb Code   322  dadd.o(.text)
    __aeabi_dsub                             0x080003ad   Thumb Code     6  dadd.o(.text)
    __aeabi_drsub                            0x080003b3   Thumb Code     6  dadd.o(.text)
    __aeabi_dmul                             0x080003b9   Thumb Code   228  dmul.o(.text)
    __aeabi_ddiv                             0x0800049d   Thumb Code   222  ddiv.o(.text)
    __aeabi_i2d                              0x0800057b   Thumb Code    34  dflti.o(.text)
    __aeabi_cdcmpeq                          0x0800059d   Thumb Code     0  cdcmple.o(.text)
    __aeabi_cdcmple                          0x0800059d   Thumb Code    48  cdcmple.o(.text)
    __aeabi_cdrcmple                         0x080005cd   Thumb Code    48  cdrcmple.o(.text)
    __aeabi_uidiv                            0x080005fd   Thumb Code     0  uidiv.o(.text)
    __aeabi_uidivmod                         0x080005fd   Thumb Code    44  uidiv.o(.text)
    __aeabi_llsl                             0x08000629   Thumb Code    30  llshl.o(.text)
    _ll_shift_l                              0x08000629   Thumb Code     0  llshl.o(.text)
    __aeabi_llsr                             0x08000647   Thumb Code    32  llushr.o(.text)
    _ll_ushift_r                             0x08000647   Thumb Code     0  llushr.o(.text)
    __aeabi_lasr                             0x08000667   Thumb Code    36  llsshr.o(.text)
    _ll_sshift_r                             0x08000667   Thumb Code     0  llsshr.o(.text)
    __I$use$fp                               0x0800068b   Thumb Code     0  iusefp.o(.text)
    _double_round                            0x0800068b   Thumb Code    30  depilogue.o(.text)
    _double_epilogue                         0x080006a9   Thumb Code   156  depilogue.o(.text)
    __ARM_scalbn                             0x08000745   Thumb Code    46  dscalb.o(.text)
    scalbn                                   0x08000745   Thumb Code     0  dscalb.o(.text)
    _dsqrt                                   0x08000773   Thumb Code   162  dsqrt.o(.text)
    __aeabi_d2ulz                            0x08000815   Thumb Code    48  dfixul.o(.text)
    __scatterload                            0x08000845   Thumb Code    28  init.o(.text)
    __scatterload_rt2                        0x08000845   Thumb Code     0  init.o(.text)
    BusFault_Handler                         0x08000a21   Thumb Code     2  stm32f4xx_it.o(i.BusFault_Handler)
    DMA2_Stream0_IRQHandler                  0x08000a25   Thumb Code     6  stm32f4xx_it.o(i.DMA2_Stream0_IRQHandler)
    DebugMon_Handler                         0x08000ad5   Thumb Code     2  stm32f4xx_it.o(i.DebugMon_Handler)
    EXTI9_5_IRQHandler                       0x08000ad7   Thumb Code     8  stm32f4xx_it.o(i.EXTI9_5_IRQHandler)
    Error_Handler                            0x08000adf   Thumb Code     4  main.o(i.Error_Handler)
    HAL_ADC_ConfigChannel                    0x08000ae5   Thumb Code   316  stm32f4xx_hal_adc.o(i.HAL_ADC_ConfigChannel)
    HAL_ADC_ConvCpltCallback                 0x08000c31   Thumb Code     2  stm32f4xx_hal_adc.o(i.HAL_ADC_ConvCpltCallback)
    HAL_ADC_ConvHalfCpltCallback             0x08000c33   Thumb Code     2  stm32f4xx_hal_adc.o(i.HAL_ADC_ConvHalfCpltCallback)
    HAL_ADC_ErrorCallback                    0x08000c35   Thumb Code     2  stm32f4xx_hal_adc.o(i.HAL_ADC_ErrorCallback)
    HAL_ADC_Init                             0x08000c37   Thumb Code    84  stm32f4xx_hal_adc.o(i.HAL_ADC_Init)
    HAL_ADC_MspInit                          0x08000c8d   Thumb Code   132  adc.o(i.HAL_ADC_MspInit)
    HAL_ADC_Start_DMA                        0x08000d25   Thumb Code   304  stm32f4xx_hal_adc.o(i.HAL_ADC_Start_DMA)
    HAL_DMA_Abort                            0x08000e79   Thumb Code   146  stm32f4xx_hal_dma.o(i.HAL_DMA_Abort)
    HAL_DMA_Abort_IT                         0x08000f0b   Thumb Code    36  stm32f4xx_hal_dma.o(i.HAL_DMA_Abort_IT)
    HAL_DMA_IRQHandler                       0x08000f31   Thumb Code   412  stm32f4xx_hal_dma.o(i.HAL_DMA_IRQHandler)
    HAL_DMA_Init                             0x080010d1   Thumb Code   206  stm32f4xx_hal_dma.o(i.HAL_DMA_Init)
    HAL_DMA_Start_IT                         0x080011a5   Thumb Code   110  stm32f4xx_hal_dma.o(i.HAL_DMA_Start_IT)
    HAL_Delay                                0x08001215   Thumb Code    32  stm32f4xx_hal.o(i.HAL_Delay)
    HAL_GPIO_EXTI_Callback                   0x08001239   Thumb Code     2  stm32f4xx_hal_gpio.o(i.HAL_GPIO_EXTI_Callback)
    HAL_GPIO_EXTI_IRQHandler                 0x0800123d   Thumb Code    18  stm32f4xx_hal_gpio.o(i.HAL_GPIO_EXTI_IRQHandler)
    HAL_GPIO_Init                            0x08001255   Thumb Code   418  stm32f4xx_hal_gpio.o(i.HAL_GPIO_Init)
    HAL_GPIO_WritePin                        0x08001425   Thumb Code    10  stm32f4xx_hal_gpio.o(i.HAL_GPIO_WritePin)
    HAL_GetTick                              0x08001431   Thumb Code     6  stm32f4xx_hal.o(i.HAL_GetTick)
    HAL_I2C_Init                             0x0800143d   Thumb Code   376  stm32f4xx_hal_i2c.o(i.HAL_I2C_Init)
    HAL_I2C_Mem_Write                        0x080015c5   Thumb Code   294  stm32f4xx_hal_i2c.o(i.HAL_I2C_Mem_Write)
    HAL_I2C_MspInit                          0x080016f5   Thumb Code    92  i2c.o(i.HAL_I2C_MspInit)
    HAL_IncTick                              0x0800175d   Thumb Code    12  stm32f4xx_hal.o(i.HAL_IncTick)
    HAL_Init                                 0x0800176d   Thumb Code    48  stm32f4xx_hal.o(i.HAL_Init)
    HAL_InitTick                             0x080017a1   Thumb Code    54  stm32f4xx_hal.o(i.HAL_InitTick)
    HAL_MspInit                              0x080017e1   Thumb Code    42  stm32f4xx_hal_msp.o(i.HAL_MspInit)
    HAL_NVIC_EnableIRQ                       0x08001811   Thumb Code    26  stm32f4xx_hal_cortex.o(i.HAL_NVIC_EnableIRQ)
    HAL_NVIC_SetPriority                     0x0800182d   Thumb Code    60  stm32f4xx_hal_cortex.o(i.HAL_NVIC_SetPriority)
    HAL_NVIC_SetPriorityGrouping             0x0800186d   Thumb Code    26  stm32f4xx_hal_cortex.o(i.HAL_NVIC_SetPriorityGrouping)
    HAL_RCC_ClockConfig                      0x08001891   Thumb Code   288  stm32f4xx_hal_rcc.o(i.HAL_RCC_ClockConfig)
    HAL_RCC_GetPCLK1Freq                     0x080019c5   Thumb Code    20  stm32f4xx_hal_rcc.o(i.HAL_RCC_GetPCLK1Freq)
    HAL_RCC_GetPCLK2Freq                     0x080019e5   Thumb Code    20  stm32f4xx_hal_rcc.o(i.HAL_RCC_GetPCLK2Freq)
    HAL_RCC_GetSysClockFreq                  0x08001a05   Thumb Code    88  stm32f4xx_hal_rcc.o(i.HAL_RCC_GetSysClockFreq)
    HAL_RCC_OscConfig                        0x08001a69   Thumb Code   836  stm32f4xx_hal_rcc.o(i.HAL_RCC_OscConfig)
    HAL_SYSTICK_Config                       0x08001dc1   Thumb Code    40  stm32f4xx_hal_cortex.o(i.HAL_SYSTICK_Config)
    HAL_TIMEx_BreakCallback                  0x08001de9   Thumb Code     2  stm32f4xx_hal_tim_ex.o(i.HAL_TIMEx_BreakCallback)
    HAL_TIMEx_CommutCallback                 0x08001deb   Thumb Code     2  stm32f4xx_hal_tim_ex.o(i.HAL_TIMEx_CommutCallback)
    HAL_TIMEx_MasterConfigSynchronization    0x08001ded   Thumb Code   116  stm32f4xx_hal_tim_ex.o(i.HAL_TIMEx_MasterConfigSynchronization)
    HAL_TIM_Base_Init                        0x08001e7d   Thumb Code    90  stm32f4xx_hal_tim.o(i.HAL_TIM_Base_Init)
    HAL_TIM_Base_MspInit                     0x08001ed9   Thumb Code    50  tim.o(i.HAL_TIM_Base_MspInit)
    HAL_TIM_Base_Start_IT                    0x08001f15   Thumb Code   100  stm32f4xx_hal_tim.o(i.HAL_TIM_Base_Start_IT)
    HAL_TIM_ConfigClockSource                0x08001f95   Thumb Code   220  stm32f4xx_hal_tim.o(i.HAL_TIM_ConfigClockSource)
    HAL_TIM_IC_CaptureCallback               0x08002071   Thumb Code     2  stm32f4xx_hal_tim.o(i.HAL_TIM_IC_CaptureCallback)
    HAL_TIM_IRQHandler                       0x08002073   Thumb Code   358  stm32f4xx_hal_tim.o(i.HAL_TIM_IRQHandler)
    HAL_TIM_MspPostInit                      0x080021d9   Thumb Code    70  tim.o(i.HAL_TIM_MspPostInit)
    HAL_TIM_OC_DelayElapsedCallback          0x08002229   Thumb Code     2  stm32f4xx_hal_tim.o(i.HAL_TIM_OC_DelayElapsedCallback)
    HAL_TIM_PWM_ConfigChannel                0x0800222b   Thumb Code   204  stm32f4xx_hal_tim.o(i.HAL_TIM_PWM_ConfigChannel)
    HAL_TIM_PWM_Init                         0x080022f7   Thumb Code    90  stm32f4xx_hal_tim.o(i.HAL_TIM_PWM_Init)
    HAL_TIM_PWM_MspInit                      0x08002351   Thumb Code    30  tim.o(i.HAL_TIM_PWM_MspInit)
    HAL_TIM_PWM_PulseFinishedCallback        0x08002375   Thumb Code     2  stm32f4xx_hal_tim.o(i.HAL_TIM_PWM_PulseFinishedCallback)
    HAL_TIM_PWM_Start                        0x08002379   Thumb Code   178  stm32f4xx_hal_tim.o(i.HAL_TIM_PWM_Start)
    HAL_TIM_PeriodElapsedCallback            0x08002449   Thumb Code    96  main.o(i.HAL_TIM_PeriodElapsedCallback)
    HAL_TIM_TriggerCallback                  0x080024c5   Thumb Code     2  stm32f4xx_hal_tim.o(i.HAL_TIM_TriggerCallback)
    HAL_UARTEx_RxEventCallback               0x080024c7   Thumb Code     2  stm32f4xx_hal_uart.o(i.HAL_UARTEx_RxEventCallback)
    HAL_UART_ErrorCallback                   0x080024c9   Thumb Code     2  stm32f4xx_hal_uart.o(i.HAL_UART_ErrorCallback)
    HAL_UART_IRQHandler                      0x080024cd   Thumb Code   610  stm32f4xx_hal_uart.o(i.HAL_UART_IRQHandler)
    HAL_UART_Init                            0x08002735   Thumb Code    98  stm32f4xx_hal_uart.o(i.HAL_UART_Init)
    HAL_UART_MspInit                         0x08002799   Thumb Code   110  usart.o(i.HAL_UART_MspInit)
    HAL_UART_RxCpltCallback                  0x08002815   Thumb Code     2  stm32f4xx_hal_uart.o(i.HAL_UART_RxCpltCallback)
    HAL_UART_Transmit                        0x08002817   Thumb Code   176  stm32f4xx_hal_uart.o(i.HAL_UART_Transmit)
    HAL_UART_TxCpltCallback                  0x080028c7   Thumb Code     2  stm32f4xx_hal_uart.o(i.HAL_UART_TxCpltCallback)
    HardFault_Handler                        0x080028c9   Thumb Code     2  stm32f4xx_it.o(i.HardFault_Handler)
    MIT_init                                 0x08002b39   Thumb Code    28  exti.o(i.MIT_init)
    MX_ADC1_Init                             0x08002b59   Thumb Code   146  adc.o(i.MX_ADC1_Init)
    MX_DMA_Init                              0x08002bf9   Thumb Code    40  dma.o(i.MX_DMA_Init)
    MX_GPIO_Init                             0x08002c25   Thumb Code   172  gpio.o(i.MX_GPIO_Init)
    MX_I2C1_Init                             0x08002cdd   Thumb Code    50  i2c.o(i.MX_I2C1_Init)
    MX_TIM1_Init                             0x08002d1d   Thumb Code    96  tim.o(i.MX_TIM1_Init)
    MX_TIM2_Init                             0x08002d85   Thumb Code   108  tim.o(i.MX_TIM2_Init)
    MX_USART1_UART_Init                      0x08002df5   Thumb Code    48  usart.o(i.MX_USART1_UART_Init)
    MemManage_Handler                        0x08002e2d   Thumb Code     2  stm32f4xx_it.o(i.MemManage_Handler)
    NMI_Handler                              0x08002e2f   Thumb Code     2  stm32f4xx_it.o(i.NMI_Handler)
    OLED_Clear                               0x08002e31   Thumb Code    52  oled.o(i.OLED_Clear)
    OLED_Display_On                          0x08002e65   Thumb Code    24  oled.o(i.OLED_Display_On)
    OLED_Init                                0x08002e7d   Thumb Code    18  oled.o(i.OLED_Init)
    OLED_Set_Pos                             0x08002e8f   Thumb Code    34  oled.o(i.OLED_Set_Pos)
    OLED_ShowChar                            0x08002eb1   Thumb Code   122  oled.o(i.OLED_ShowChar)
    OLED_ShowString                          0x08002f35   Thumb Code    54  oled.o(i.OLED_ShowString)
    OLED_WR_CMD                              0x08002f6d   Thumb Code    32  oled.o(i.OLED_WR_CMD)
    OLED_WR_DATA                             0x08002f91   Thumb Code    32  oled.o(i.OLED_WR_DATA)
    PendSV_Handler                           0x08002fb5   Thumb Code     2  stm32f4xx_it.o(i.PendSV_Handler)
    SVC_Handler                              0x08002fb7   Thumb Code     2  stm32f4xx_it.o(i.SVC_Handler)
    SysTick_Handler                          0x08002fb9   Thumb Code     4  stm32f4xx_it.o(i.SysTick_Handler)
    SystemClock_Config                       0x08002fbd   Thumb Code   140  main.o(i.SystemClock_Config)
    SystemInit                               0x08003051   Thumb Code    12  system_stm32f4xx.o(i.SystemInit)
    TDOA_Get_distanceANDangle                0x08003061   Thumb Code  2422  tdoa.o(i.TDOA_Get_distanceANDangle)
    TDOA_Init                                0x080039f9   Thumb Code   118  tdoa.o(i.TDOA_Init)
    TIM1_UP_TIM10_IRQHandler                 0x08003a81   Thumb Code     6  stm32f4xx_it.o(i.TIM1_UP_TIM10_IRQHandler)
    TIM_Base_SetConfig                       0x08003a8d   Thumb Code   156  stm32f4xx_hal_tim.o(i.TIM_Base_SetConfig)
    TIM_CCxChannelCmd                        0x08003b55   Thumb Code    26  stm32f4xx_hal_tim.o(i.TIM_CCxChannelCmd)
    TIM_ETR_SetConfig                        0x08003b6f   Thumb Code    20  stm32f4xx_hal_tim.o(i.TIM_ETR_SetConfig)
    TIM_OC2_SetConfig                        0x08003bf5   Thumb Code    98  stm32f4xx_hal_tim.o(i.TIM_OC2_SetConfig)
    USART1_IRQHandler                        0x08004001   Thumb Code     6  stm32f4xx_it.o(i.USART1_IRQHandler)
    UsageFault_Handler                       0x0800400d   Thumb Code     2  stm32f4xx_it.o(i.UsageFault_Handler)
    WriteCmd                                 0x0800400f   Thumb Code   178  oled.o(i.WriteCmd)
    __0printf                                0x080040c1   Thumb Code    22  printfa.o(i.__0printf)
    __1printf                                0x080040c1   Thumb Code     0  printfa.o(i.__0printf)
    __2printf                                0x080040c1   Thumb Code     0  printfa.o(i.__0printf)
    __c89printf                              0x080040c1   Thumb Code     0  printfa.o(i.__0printf)
    printf                                   0x080040c1   Thumb Code     0  printfa.o(i.__0printf)
    __0sprintf                               0x080040e1   Thumb Code    34  printfa.o(i.__0sprintf)
    __1sprintf                               0x080040e1   Thumb Code     0  printfa.o(i.__0sprintf)
    __2sprintf                               0x080040e1   Thumb Code     0  printfa.o(i.__0sprintf)
    __c89sprintf                             0x080040e1   Thumb Code     0  printfa.o(i.__0sprintf)
    sprintf                                  0x080040e1   Thumb Code     0  printfa.o(i.__0sprintf)
    __ARM_fpclassify                         0x08004109   Thumb Code    48  fpclassify.o(i.__ARM_fpclassify)
    __hardfp_acos                            0x08004159   Thumb Code   738  acos.o(i.__hardfp_acos)
    __hardfp_atan                            0x080044b1   Thumb Code   622  atan.o(i.__hardfp_atan)
    __hardfp_fabs                            0x08004789   Thumb Code    20  fabs.o(i.__hardfp_fabs)
    __hardfp_pow                             0x080047a1   Thumb Code  3072  pow.o(i.__hardfp_pow)
    __hardfp_sqrt                            0x080053f1   Thumb Code   122  sqrt.o(i.__hardfp_sqrt)
    __kernel_poly                            0x0800546b   Thumb Code   248  poly.o(i.__kernel_poly)
    __mathlib_dbl_divzero                    0x08005569   Thumb Code    28  dunder.o(i.__mathlib_dbl_divzero)
    __mathlib_dbl_infnan                     0x08005599   Thumb Code    20  dunder.o(i.__mathlib_dbl_infnan)
    __mathlib_dbl_infnan2                    0x080055ad   Thumb Code    20  dunder.o(i.__mathlib_dbl_infnan2)
    __mathlib_dbl_invalid                    0x080055c1   Thumb Code    24  dunder.o(i.__mathlib_dbl_invalid)
    __mathlib_dbl_overflow                   0x080055e1   Thumb Code    24  dunder.o(i.__mathlib_dbl_overflow)
    __mathlib_dbl_underflow                  0x08005601   Thumb Code    24  dunder.o(i.__mathlib_dbl_underflow)
    __scatterload_copy                       0x08005621   Thumb Code    14  handlers.o(i.__scatterload_copy)
    __scatterload_null                       0x0800562f   Thumb Code     2  handlers.o(i.__scatterload_null)
    __scatterload_zeroinit                   0x08005631   Thumb Code    14  handlers.o(i.__scatterload_zeroinit)
    __set_errno                              0x08005641   Thumb Code     6  errno.o(i.__set_errno)
    fabs                                     0x08005f09   Thumb Code    24  fabs.o(i.fabs)
    fputc                                    0x08005f21   Thumb Code    20  usart.o(i.fputc)
    main                                     0x08005f39   Thumb Code   430  main.o(i.main)
    sqrt                                     0x08006145   Thumb Code   110  sqrt.o(i.sqrt)
    F6x8                                     0x080061b2   Data         552  oled.o(.constdata)
    F8x16                                    0x080063da   Data        1520  oled.o(.constdata)
    AHBPrescTable                            0x080069d2   Data          16  system_stm32f4xx.o(.constdata)
    APBPrescTable                            0x080069e2   Data           8  system_stm32f4xx.o(.constdata)
    __mathlib_zero                           0x08006b60   Data           8  qnan.o(.constdata)
    Region$$Table$$Base                      0x08006b68   Number         0  anon$$obj.o(Region$$Table)
    Region$$Table$$Limit                     0x08006b88   Number         0  anon$$obj.o(Region$$Table)
    MIT1_S                                   0x20000000   Data           8  exti.o(.data)
    MIT2_S                                   0x20000008   Data           8  exti.o(.data)
    MIT3_S                                   0x20000010   Data           8  exti.o(.data)
    MIT4_S                                   0x20000018   Data           8  exti.o(.data)
    T_count                                  0x20000020   Data           8  main.o(.data)
    uwTickFreq                               0x20000028   Data           1  stm32f4xx_hal.o(.data)
    uwTickPrio                               0x2000002c   Data           4  stm32f4xx_hal.o(.data)
    uwTick                                   0x20000030   Data           4  stm32f4xx_hal.o(.data)
    SystemCoreClock                          0x20000034   Data           4  system_stm32f4xx.o(.data)
    __stdout                                 0x20000038   Data           4  stdout.o(.data)
    TDOA_S                                   0x20000040   Data         248  tdoa.o(.bss)
    a1                                       0x20000138   Data          16  main.o(.bss)
    hadc1                                    0x20000148   Data          72  adc.o(.bss)
    hdma_adc1                                0x20000190   Data          96  adc.o(.bss)
    hi2c1                                    0x200001f0   Data          84  i2c.o(.bss)
    htim1                                    0x20000244   Data          72  tim.o(.bss)
    htim2                                    0x2000028c   Data          72  tim.o(.bss)
    huart1                                   0x200002d4   Data          68  usart.o(.bss)
    __initial_sp                             0x20000718   Data           0  startup_stm32f407xx.o(STACK)



==============================================================================

Memory Map of the image

  Image Entry point : 0x08000189

  Load Region LR_IROM1 (Base: 0x08000000, Size: 0x00006bc8, Max: 0x00100000, ABSOLUTE)

    Execution Region ER_IROM1 (Base: 0x08000000, Size: 0x00006b88, Max: 0x00100000, ABSOLUTE)

    Base Addr    Size         Type   Attr      Idx    E Section Name        Object

    0x08000000   0x00000188   Data   RO            3    RESET               startup_stm32f407xx.o
    0x08000188   0x00000000   Code   RO         4075  * .ARM.Collect$$$$00000000  mc_w.l(entry.o)
    0x08000188   0x00000004   Code   RO         4380    .ARM.Collect$$$$00000001  mc_w.l(entry2.o)
    0x0800018c   0x00000004   Code   RO         4383    .ARM.Collect$$$$00000004  mc_w.l(entry5.o)
    0x08000190   0x00000000   Code   RO         4385    .ARM.Collect$$$$00000008  mc_w.l(entry7b.o)
    0x08000190   0x00000000   Code   RO         4387    .ARM.Collect$$$$0000000A  mc_w.l(entry8b.o)
    0x08000190   0x00000008   Code   RO         4388    .ARM.Collect$$$$0000000B  mc_w.l(entry9a.o)
    0x08000198   0x00000000   Code   RO         4390    .ARM.Collect$$$$0000000D  mc_w.l(entry10a.o)
    0x08000198   0x00000000   Code   RO         4392    .ARM.Collect$$$$0000000F  mc_w.l(entry11a.o)
    0x08000198   0x00000004   Code   RO         4381    .ARM.Collect$$$$00002712  mc_w.l(entry2.o)
    0x0800019c   0x00000024   Code   RO            4    .text               startup_stm32f407xx.o
    0x080001c0   0x00000062   Code   RO         4078    .text               mc_w.l(uldiv.o)
    0x08000222   0x00000024   Code   RO         4080    .text               mc_w.l(memcpya.o)
    0x08000246   0x00000024   Code   RO         4082    .text               mc_w.l(memseta.o)
    0x0800026a   0x0000014e   Code   RO         4347    .text               mf_w.l(dadd.o)
    0x080003b8   0x000000e4   Code   RO         4349    .text               mf_w.l(dmul.o)
    0x0800049c   0x000000de   Code   RO         4351    .text               mf_w.l(ddiv.o)
    0x0800057a   0x00000022   Code   RO         4355    .text               mf_w.l(dflti.o)
    0x0800059c   0x00000030   Code   RO         4357    .text               mf_w.l(cdcmple.o)
    0x080005cc   0x00000030   Code   RO         4359    .text               mf_w.l(cdrcmple.o)
    0x080005fc   0x0000002c   Code   RO         4395    .text               mc_w.l(uidiv.o)
    0x08000628   0x0000001e   Code   RO         4397    .text               mc_w.l(llshl.o)
    0x08000646   0x00000020   Code   RO         4399    .text               mc_w.l(llushr.o)
    0x08000666   0x00000024   Code   RO         4401    .text               mc_w.l(llsshr.o)
    0x0800068a   0x00000000   Code   RO         4410    .text               mc_w.l(iusefp.o)
    0x0800068a   0x000000ba   Code   RO         4411    .text               mf_w.l(depilogue.o)
    0x08000744   0x0000002e   Code   RO         4413    .text               mf_w.l(dscalb.o)
    0x08000772   0x000000a2   Code   RO         4415    .text               mf_w.l(dsqrt.o)
    0x08000814   0x00000030   Code   RO         4417    .text               mf_w.l(dfixul.o)
    0x08000844   0x00000024   Code   RO         4419    .text               mc_w.l(init.o)
    0x08000868   0x0000006e   Code   RO          790    i.ADC_DMAConvCplt   stm32f4xx_hal_adc.o
    0x080008d6   0x00000016   Code   RO          791    i.ADC_DMAError      stm32f4xx_hal_adc.o
    0x080008ec   0x0000000a   Code   RO          792    i.ADC_DMAHalfConvCplt  stm32f4xx_hal_adc.o
    0x080008f6   0x00000002   PAD
    0x080008f8   0x00000128   Code   RO          793    i.ADC_Init          stm32f4xx_hal_adc.o
    0x08000a20   0x00000002   Code   RO          659    i.BusFault_Handler  stm32f4xx_it.o
    0x08000a22   0x00000002   PAD
    0x08000a24   0x0000000c   Code   RO          660    i.DMA2_Stream0_IRQHandler  stm32f4xx_it.o
    0x08000a30   0x00000028   Code   RO         1527    i.DMA_CalcBaseAndBitshift  stm32f4xx_hal_dma.o
    0x08000a58   0x00000054   Code   RO         1528    i.DMA_CheckFifoParam  stm32f4xx_hal_dma.o
    0x08000aac   0x00000028   Code   RO         1529    i.DMA_SetConfig     stm32f4xx_hal_dma.o
    0x08000ad4   0x00000002   Code   RO          661    i.DebugMon_Handler  stm32f4xx_it.o
    0x08000ad6   0x00000008   Code   RO          662    i.EXTI9_5_IRQHandler  stm32f4xx_it.o
    0x08000ade   0x00000004   Code   RO          340    i.Error_Handler     main.o
    0x08000ae2   0x00000002   PAD
    0x08000ae4   0x0000014c   Code   RO          795    i.HAL_ADC_ConfigChannel  stm32f4xx_hal_adc.o
    0x08000c30   0x00000002   Code   RO          796    i.HAL_ADC_ConvCpltCallback  stm32f4xx_hal_adc.o
    0x08000c32   0x00000002   Code   RO          797    i.HAL_ADC_ConvHalfCpltCallback  stm32f4xx_hal_adc.o
    0x08000c34   0x00000002   Code   RO          799    i.HAL_ADC_ErrorCallback  stm32f4xx_hal_adc.o
    0x08000c36   0x00000054   Code   RO          804    i.HAL_ADC_Init      stm32f4xx_hal_adc.o
    0x08000c8a   0x00000002   PAD
    0x08000c8c   0x00000098   Code   RO          438    i.HAL_ADC_MspInit   adc.o
    0x08000d24   0x00000154   Code   RO          811    i.HAL_ADC_Start_DMA  stm32f4xx_hal_adc.o
    0x08000e78   0x00000092   Code   RO         1530    i.HAL_DMA_Abort     stm32f4xx_hal_dma.o
    0x08000f0a   0x00000024   Code   RO         1531    i.HAL_DMA_Abort_IT  stm32f4xx_hal_dma.o
    0x08000f2e   0x00000002   PAD
    0x08000f30   0x000001a0   Code   RO         1535    i.HAL_DMA_IRQHandler  stm32f4xx_hal_dma.o
    0x080010d0   0x000000d4   Code   RO         1536    i.HAL_DMA_Init      stm32f4xx_hal_dma.o
    0x080011a4   0x0000006e   Code   RO         1540    i.HAL_DMA_Start_IT  stm32f4xx_hal_dma.o
    0x08001212   0x00000002   PAD
    0x08001214   0x00000024   Code   RO         1949    i.HAL_Delay         stm32f4xx_hal.o
    0x08001238   0x00000002   Code   RO         1421    i.HAL_GPIO_EXTI_Callback  stm32f4xx_hal_gpio.o
    0x0800123a   0x00000002   PAD
    0x0800123c   0x00000018   Code   RO         1422    i.HAL_GPIO_EXTI_IRQHandler  stm32f4xx_hal_gpio.o
    0x08001254   0x000001d0   Code   RO         1423    i.HAL_GPIO_Init     stm32f4xx_hal_gpio.o
    0x08001424   0x0000000a   Code   RO         1427    i.HAL_GPIO_WritePin  stm32f4xx_hal_gpio.o
    0x0800142e   0x00000002   PAD
    0x08001430   0x0000000c   Code   RO         1955    i.HAL_GetTick       stm32f4xx_hal.o
    0x0800143c   0x00000188   Code   RO         2211    i.HAL_I2C_Init      stm32f4xx_hal_i2c.o
    0x080015c4   0x00000130   Code   RO         2232    i.HAL_I2C_Mem_Write  stm32f4xx_hal_i2c.o
    0x080016f4   0x00000068   Code   RO          504    i.HAL_I2C_MspInit   i2c.o
    0x0800175c   0x00000010   Code   RO         1961    i.HAL_IncTick       stm32f4xx_hal.o
    0x0800176c   0x00000034   Code   RO         1962    i.HAL_Init          stm32f4xx_hal.o
    0x080017a0   0x00000040   Code   RO         1963    i.HAL_InitTick      stm32f4xx_hal.o
    0x080017e0   0x00000030   Code   RO          766    i.HAL_MspInit       stm32f4xx_hal_msp.o
    0x08001810   0x0000001a   Code   RO         1812    i.HAL_NVIC_EnableIRQ  stm32f4xx_hal_cortex.o
    0x0800182a   0x00000002   PAD
    0x0800182c   0x00000040   Code   RO         1818    i.HAL_NVIC_SetPriority  stm32f4xx_hal_cortex.o
    0x0800186c   0x00000024   Code   RO         1819    i.HAL_NVIC_SetPriorityGrouping  stm32f4xx_hal_cortex.o
    0x08001890   0x00000134   Code   RO         1069    i.HAL_RCC_ClockConfig  stm32f4xx_hal_rcc.o
    0x080019c4   0x00000020   Code   RO         1076    i.HAL_RCC_GetPCLK1Freq  stm32f4xx_hal_rcc.o
    0x080019e4   0x00000020   Code   RO         1077    i.HAL_RCC_GetPCLK2Freq  stm32f4xx_hal_rcc.o
    0x08001a04   0x00000064   Code   RO         1078    i.HAL_RCC_GetSysClockFreq  stm32f4xx_hal_rcc.o
    0x08001a68   0x00000358   Code   RO         1081    i.HAL_RCC_OscConfig  stm32f4xx_hal_rcc.o
    0x08001dc0   0x00000028   Code   RO         1823    i.HAL_SYSTICK_Config  stm32f4xx_hal_cortex.o
    0x08001de8   0x00000002   Code   RO         3356    i.HAL_TIMEx_BreakCallback  stm32f4xx_hal_tim_ex.o
    0x08001dea   0x00000002   Code   RO         3357    i.HAL_TIMEx_CommutCallback  stm32f4xx_hal_tim_ex.o
    0x08001dec   0x00000090   Code   RO         3375    i.HAL_TIMEx_MasterConfigSynchronization  stm32f4xx_hal_tim_ex.o
    0x08001e7c   0x0000005a   Code   RO         2652    i.HAL_TIM_Base_Init  stm32f4xx_hal_tim.o
    0x08001ed6   0x00000002   PAD
    0x08001ed8   0x0000003c   Code   RO          546    i.HAL_TIM_Base_MspInit  tim.o
    0x08001f14   0x00000080   Code   RO         2657    i.HAL_TIM_Base_Start_IT  stm32f4xx_hal_tim.o
    0x08001f94   0x000000dc   Code   RO         2661    i.HAL_TIM_ConfigClockSource  stm32f4xx_hal_tim.o
    0x08002070   0x00000002   Code   RO         2686    i.HAL_TIM_IC_CaptureCallback  stm32f4xx_hal_tim.o
    0x08002072   0x00000166   Code   RO         2700    i.HAL_TIM_IRQHandler  stm32f4xx_hal_tim.o
    0x080021d8   0x00000050   Code   RO          547    i.HAL_TIM_MspPostInit  tim.o
    0x08002228   0x00000002   Code   RO         2703    i.HAL_TIM_OC_DelayElapsedCallback  stm32f4xx_hal_tim.o
    0x0800222a   0x000000cc   Code   RO         2724    i.HAL_TIM_PWM_ConfigChannel  stm32f4xx_hal_tim.o
    0x080022f6   0x0000005a   Code   RO         2727    i.HAL_TIM_PWM_Init  stm32f4xx_hal_tim.o
    0x08002350   0x00000024   Code   RO          549    i.HAL_TIM_PWM_MspInit  tim.o
    0x08002374   0x00000002   Code   RO         2730    i.HAL_TIM_PWM_PulseFinishedCallback  stm32f4xx_hal_tim.o
    0x08002376   0x00000002   PAD
    0x08002378   0x000000d0   Code   RO         2732    i.HAL_TIM_PWM_Start  stm32f4xx_hal_tim.o
    0x08002448   0x0000007c   Code   RO          341    i.HAL_TIM_PeriodElapsedCallback  main.o
    0x080024c4   0x00000002   Code   RO         2743    i.HAL_TIM_TriggerCallback  stm32f4xx_hal_tim.o
    0x080024c6   0x00000002   Code   RO         3634    i.HAL_UARTEx_RxEventCallback  stm32f4xx_hal_uart.o
    0x080024c8   0x00000002   Code   RO         3648    i.HAL_UART_ErrorCallback  stm32f4xx_hal_uart.o
    0x080024ca   0x00000002   PAD
    0x080024cc   0x00000268   Code   RO         3651    i.HAL_UART_IRQHandler  stm32f4xx_hal_uart.o
    0x08002734   0x00000062   Code   RO         3652    i.HAL_UART_Init     stm32f4xx_hal_uart.o
    0x08002796   0x00000002   PAD
    0x08002798   0x0000007c   Code   RO          612    i.HAL_UART_MspInit  usart.o
    0x08002814   0x00000002   Code   RO         3658    i.HAL_UART_RxCpltCallback  stm32f4xx_hal_uart.o
    0x08002816   0x000000b0   Code   RO         3660    i.HAL_UART_Transmit  stm32f4xx_hal_uart.o
    0x080028c6   0x00000002   Code   RO         3663    i.HAL_UART_TxCpltCallback  stm32f4xx_hal_uart.o
    0x080028c8   0x00000002   Code   RO          663    i.HardFault_Handler  stm32f4xx_it.o
    0x080028ca   0x0000002e   Code   RO         2253    i.I2C_IsAcknowledgeFailed  stm32f4xx_hal_i2c.o
    0x080028f8   0x000000a8   Code   RO         2264    i.I2C_RequestMemoryWrite  stm32f4xx_hal_i2c.o
    0x080029a0   0x0000004c   Code   RO         2268    i.I2C_WaitOnBTFFlagUntilTimeout  stm32f4xx_hal_i2c.o
    0x080029ec   0x00000068   Code   RO         2269    i.I2C_WaitOnFlagUntilTimeout  stm32f4xx_hal_i2c.o
    0x08002a54   0x00000098   Code   RO         2270    i.I2C_WaitOnMasterAddressFlagUntilTimeout  stm32f4xx_hal_i2c.o
    0x08002aec   0x0000004c   Code   RO         2272    i.I2C_WaitOnTXEFlagUntilTimeout  stm32f4xx_hal_i2c.o
    0x08002b38   0x00000020   Code   RO          184    i.MIT_init          exti.o
    0x08002b58   0x000000a0   Code   RO          439    i.MX_ADC1_Init      adc.o
    0x08002bf8   0x0000002c   Code   RO          479    i.MX_DMA_Init       dma.o
    0x08002c24   0x000000b8   Code   RO          413    i.MX_GPIO_Init      gpio.o
    0x08002cdc   0x00000040   Code   RO          505    i.MX_I2C1_Init      i2c.o
    0x08002d1c   0x00000068   Code   RO          550    i.MX_TIM1_Init      tim.o
    0x08002d84   0x00000070   Code   RO          551    i.MX_TIM2_Init      tim.o
    0x08002df4   0x00000038   Code   RO          613    i.MX_USART1_UART_Init  usart.o
    0x08002e2c   0x00000002   Code   RO          664    i.MemManage_Handler  stm32f4xx_it.o
    0x08002e2e   0x00000002   Code   RO          665    i.NMI_Handler       stm32f4xx_it.o
    0x08002e30   0x00000034   Code   RO          214    i.OLED_Clear        oled.o
    0x08002e64   0x00000018   Code   RO          217    i.OLED_Display_On   oled.o
    0x08002e7c   0x00000012   Code   RO          218    i.OLED_Init         oled.o
    0x08002e8e   0x00000022   Code   RO          220    i.OLED_Set_Pos      oled.o
    0x08002eb0   0x00000084   Code   RO          222    i.OLED_ShowChar     oled.o
    0x08002f34   0x00000036   Code   RO          224    i.OLED_ShowString   oled.o
    0x08002f6a   0x00000002   PAD
    0x08002f6c   0x00000024   Code   RO          225    i.OLED_WR_CMD       oled.o
    0x08002f90   0x00000024   Code   RO          226    i.OLED_WR_DATA      oled.o
    0x08002fb4   0x00000002   Code   RO          666    i.PendSV_Handler    stm32f4xx_it.o
    0x08002fb6   0x00000002   Code   RO          667    i.SVC_Handler       stm32f4xx_it.o
    0x08002fb8   0x00000004   Code   RO          668    i.SysTick_Handler   stm32f4xx_it.o
    0x08002fbc   0x00000094   Code   RO          342    i.SystemClock_Config  main.o
    0x08003050   0x00000010   Code   RO         3981    i.SystemInit        system_stm32f4xx.o
    0x08003060   0x00000998   Code   RO           13    i.TDOA_Get_distanceANDangle  tdoa.o
    0x080039f8   0x00000088   Code   RO           14    i.TDOA_Init         tdoa.o
    0x08003a80   0x0000000c   Code   RO          669    i.TIM1_UP_TIM10_IRQHandler  stm32f4xx_it.o
    0x08003a8c   0x000000c8   Code   RO         2745    i.TIM_Base_SetConfig  stm32f4xx_hal_tim.o
    0x08003b54   0x0000001a   Code   RO         2746    i.TIM_CCxChannelCmd  stm32f4xx_hal_tim.o
    0x08003b6e   0x00000014   Code   RO         2756    i.TIM_ETR_SetConfig  stm32f4xx_hal_tim.o
    0x08003b82   0x00000010   Code   RO         2757    i.TIM_ITRx_SetConfig  stm32f4xx_hal_tim.o
    0x08003b92   0x00000002   PAD
    0x08003b94   0x00000060   Code   RO         2758    i.TIM_OC1_SetConfig  stm32f4xx_hal_tim.o
    0x08003bf4   0x0000006c   Code   RO         2759    i.TIM_OC2_SetConfig  stm32f4xx_hal_tim.o
    0x08003c60   0x00000068   Code   RO         2760    i.TIM_OC3_SetConfig  stm32f4xx_hal_tim.o
    0x08003cc8   0x00000050   Code   RO         2761    i.TIM_OC4_SetConfig  stm32f4xx_hal_tim.o
    0x08003d18   0x00000022   Code   RO         2763    i.TIM_TI1_ConfigInputStage  stm32f4xx_hal_tim.o
    0x08003d3a   0x00000024   Code   RO         2765    i.TIM_TI2_ConfigInputStage  stm32f4xx_hal_tim.o
    0x08003d5e   0x00000010   Code   RO         3665    i.UART_DMAAbortOnError  stm32f4xx_hal_uart.o
    0x08003d6e   0x0000004e   Code   RO         3675    i.UART_EndRxTransfer  stm32f4xx_hal_uart.o
    0x08003dbc   0x000000c0   Code   RO         3677    i.UART_Receive_IT   stm32f4xx_hal_uart.o
    0x08003e7c   0x0000010c   Code   RO         3678    i.UART_SetConfig    stm32f4xx_hal_uart.o
    0x08003f88   0x00000076   Code   RO         3681    i.UART_WaitOnFlagUntilTimeout  stm32f4xx_hal_uart.o
    0x08003ffe   0x00000002   PAD
    0x08004000   0x0000000c   Code   RO          670    i.USART1_IRQHandler  stm32f4xx_it.o
    0x0800400c   0x00000002   Code   RO          671    i.UsageFault_Handler  stm32f4xx_it.o
    0x0800400e   0x000000b2   Code   RO          228    i.WriteCmd          oled.o
    0x080040c0   0x00000020   Code   RO         4319    i.__0printf         mc_w.l(printfa.o)
    0x080040e0   0x00000028   Code   RO         4321    i.__0sprintf        mc_w.l(printfa.o)
    0x08004108   0x00000030   Code   RO         4375    i.__ARM_fpclassify  m_wm.l(fpclassify.o)
    0x08004138   0x00000020   Code   RO         1825    i.__NVIC_SetPriority  stm32f4xx_hal_cortex.o
    0x08004158   0x00000358   Code   RO         4015    i.__hardfp_acos     m_wm.l(acos.o)
    0x080044b0   0x000002d8   Code   RO         4029    i.__hardfp_atan     m_wm.l(atan.o)
    0x08004788   0x00000014   Code   RO         4043    i.__hardfp_fabs     m_wm.l(fabs.o)
    0x0800479c   0x00000004   PAD
    0x080047a0   0x00000c50   Code   RO         4049    i.__hardfp_pow      m_wm.l(pow.o)
    0x080053f0   0x0000007a   Code   RO         4063    i.__hardfp_sqrt     m_wm.l(sqrt.o)
    0x0800546a   0x000000f8   Code   RO         4377    i.__kernel_poly     m_wm.l(poly.o)
    0x08005562   0x00000006   PAD
    0x08005568   0x00000030   Code   RO         4361    i.__mathlib_dbl_divzero  m_wm.l(dunder.o)
    0x08005598   0x00000014   Code   RO         4362    i.__mathlib_dbl_infnan  m_wm.l(dunder.o)
    0x080055ac   0x00000014   Code   RO         4363    i.__mathlib_dbl_infnan2  m_wm.l(dunder.o)
    0x080055c0   0x00000020   Code   RO         4364    i.__mathlib_dbl_invalid  m_wm.l(dunder.o)
    0x080055e0   0x00000020   Code   RO         4365    i.__mathlib_dbl_overflow  m_wm.l(dunder.o)
    0x08005600   0x00000020   Code   RO         4367    i.__mathlib_dbl_underflow  m_wm.l(dunder.o)
    0x08005620   0x0000000e   Code   RO         4423    i.__scatterload_copy  mc_w.l(handlers.o)
    0x0800562e   0x00000002   Code   RO         4424    i.__scatterload_null  mc_w.l(handlers.o)
    0x08005630   0x0000000e   Code   RO         4425    i.__scatterload_zeroinit  mc_w.l(handlers.o)
    0x0800563e   0x00000002   PAD
    0x08005640   0x0000000c   Code   RO         4405    i.__set_errno       mc_w.l(errno.o)
    0x0800564c   0x00000184   Code   RO         4326    i._fp_digits        mc_w.l(printfa.o)
    0x080057d0   0x000006dc   Code   RO         4327    i._printf_core      mc_w.l(printfa.o)
    0x08005eac   0x00000024   Code   RO         4328    i._printf_post_padding  mc_w.l(printfa.o)
    0x08005ed0   0x0000002e   Code   RO         4329    i._printf_pre_padding  mc_w.l(printfa.o)
    0x08005efe   0x0000000a   Code   RO         4331    i._sputc            mc_w.l(printfa.o)
    0x08005f08   0x00000018   Code   RO         4045    i.fabs              m_wm.l(fabs.o)
    0x08005f20   0x00000018   Code   RO          614    i.fputc             usart.o
    0x08005f38   0x0000020c   Code   RO          343    i.main              main.o
    0x08006144   0x0000006e   Code   RO         4065    i.sqrt              m_wm.l(sqrt.o)
    0x080061b2   0x00000818   Data   RO          230    .constdata          oled.o
    0x080069ca   0x00000008   Data   RO         1542    .constdata          stm32f4xx_hal_dma.o
    0x080069d2   0x00000010   Data   RO         3982    .constdata          system_stm32f4xx.o
    0x080069e2   0x00000008   Data   RO         3983    .constdata          system_stm32f4xx.o
    0x080069ea   0x00000006   PAD
    0x080069f0   0x00000050   Data   RO         4018    .constdata          m_wm.l(acos.o)
    0x08006a40   0x00000098   Data   RO         4032    .constdata          m_wm.l(atan.o)
    0x08006ad8   0x00000088   Data   RO         4052    .constdata          m_wm.l(pow.o)
    0x08006b60   0x00000008   Data   RO         4379    .constdata          m_wm.l(qnan.o)
    0x08006b68   0x00000020   Data   RO         4421    Region$$Table       anon$$obj.o


    Execution Region RW_IRAM2 (Base: 0x10000000, Size: 0x00000000, Max: 0x00010000, ABSOLUTE)

    **** No section assigned to this execution region ****


    Execution Region RW_IRAM1 (Base: 0x20000000, Size: 0x00000718, Max: 0x00020000, ABSOLUTE)

    Base Addr    Size         Type   Attr      Idx    E Section Name        Object

    0x20000000   0x00000020   Data   RW          185    .data               exti.o
    0x20000020   0x00000008   Data   RW          349    .data               main.o
    0x20000028   0x0000000c   Data   RW         1969    .data               stm32f4xx_hal.o
    0x20000034   0x00000004   Data   RW         3984    .data               system_stm32f4xx.o
    0x20000038   0x00000004   Data   RW         4394    .data               mc_w.l(stdout.o)
    0x2000003c   0x00000004   Data   RW         4406    .data               mc_w.l(errno.o)
    0x20000040   0x000000f8   Zero   RW           15    .bss                tdoa.o
    0x20000138   0x00000010   Zero   RW          345    .bss                main.o
    0x20000148   0x000000a8   Zero   RW          440    .bss                adc.o
    0x200001f0   0x00000054   Zero   RW          506    .bss                i2c.o
    0x20000244   0x00000090   Zero   RW          552    .bss                tim.o
    0x200002d4   0x00000044   Zero   RW          615    .bss                usart.o
    0x20000318   0x00000400   Zero   RW            1    STACK               startup_stm32f407xx.o


==============================================================================

Image component sizes


      Code (inc. data)   RO Data    RW Data    ZI Data      Debug   Object Name

       312         34          0          0        168       2043   adc.o
        44          4          0          0          0        878   dma.o
        32          4          0         32          0       1205   exti.o
       184         12          0          0          0       1083   gpio.o
       168         26          0          0         84       1889   i2c.o
       800        130          0          8         16       3973   main.o
       564         18       2072          0          0       6831   oled.o
        36          8        392          0       1024        868   startup_stm32f407xx.o
       180         28          0         12          0       9817   stm32f4xx_hal.o
      1200         64          0          0          0       8057   stm32f4xx_hal_adc.o
       198         14          0          0          0      34215   stm32f4xx_hal_cortex.o
      1084         16          8          0          0       7830   stm32f4xx_hal_dma.o
       500         52          0          0          0       3752   stm32f4xx_hal_gpio.o
      1318         32          0          0          0       9895   stm32f4xx_hal_i2c.o
        48          6          0          0          0        958   stm32f4xx_hal_msp.o
      1328         76          0          0          0       5684   stm32f4xx_hal_rcc.o
      2026        138          0          0          0      18112   stm32f4xx_hal_tim.o
       148         28          0          0          0       2741   stm32f4xx_hal_tim_ex.o
      1570         16          0          0          0      11284   stm32f4xx_hal_uart.o
        64         18          0          0          0       6724   stm32f4xx_it.o
        16          4         24          4          0       1283   system_stm32f4xx.o
      2592        278          0          0        248     717662   tdoa.o
       392         38          0          0        144       3931   tim.o
       204         26          0          0         68       2578   usart.o

    ----------------------------------------------------------------------
     15040       1070       2534         56       1752     863293   Object Totals
         0          0         32          0          0          0   (incl. Generated)
        32          0          6          0          0          0   (incl. Padding)

    ----------------------------------------------------------------------

      Code (inc. data)   RO Data    RW Data    ZI Data      Debug   Library Member Name

       856        118         80          0          0        288   acos.o
       728        106        152          0          0        228   atan.o
       184         44          0          0          0        744   dunder.o
        44          0          0          0          0        248   fabs.o
        48          0          0          0          0        124   fpclassify.o
       248          0          0          0          0        152   poly.o
      3152        296        136          0          0        352   pow.o
         0          0          8          0          0          0   qnan.o
       232          0          0          0          0        296   sqrt.o
         0          0          0          0          0          0   entry.o
         0          0          0          0          0          0   entry10a.o
         0          0          0          0          0          0   entry11a.o
         8          4          0          0          0          0   entry2.o
         4          0          0          0          0          0   entry5.o
         0          0          0          0          0          0   entry7b.o
         0          0          0          0          0          0   entry8b.o
         8          4          0          0          0          0   entry9a.o
        12          6          0          4          0         68   errno.o
        30          0          0          0          0          0   handlers.o
        36          8          0          0          0         68   init.o
         0          0          0          0          0          0   iusefp.o
        30          0          0          0          0         68   llshl.o
        36          0          0          0          0         68   llsshr.o
        32          0          0          0          0         68   llushr.o
        36          0          0          0          0         68   memcpya.o
        36          0          0          0          0        108   memseta.o
      2308         96          0          0          0        604   printfa.o
         0          0          0          4          0          0   stdout.o
        44          0          0          0          0         80   uidiv.o
        98          0          0          0          0         92   uldiv.o
        48          0          0          0          0         68   cdcmple.o
        48          0          0          0          0         68   cdrcmple.o
       334          0          0          0          0        148   dadd.o
       222          0          0          0          0        100   ddiv.o
       186          0          0          0          0        176   depilogue.o
        48          0          0          0          0         68   dfixul.o
        34          0          0          0          0         76   dflti.o
       228          0          0          0          0         96   dmul.o
        46          0          0          0          0         80   dscalb.o
       162          0          0          0          0        100   dsqrt.o

    ----------------------------------------------------------------------
      9578        682        376          8          0       4704   Library Totals
        12          0          0          0          0          0   (incl. Padding)

    ----------------------------------------------------------------------

      Code (inc. data)   RO Data    RW Data    ZI Data      Debug   Library Name

      5492        564        376          0          0       2432   m_wm.l
      2718        118          0          8          0       1292   mc_w.l
      1356          0          0          0          0        980   mf_w.l

    ----------------------------------------------------------------------
      9578        682        376          8          0       4704   Library Totals

    ----------------------------------------------------------------------

==============================================================================


      Code (inc. data)   RO Data    RW Data    ZI Data      Debug   

     24618       1752       2910         64       1752     853705   Grand Totals
     24618       1752       2910         64       1752     853705   ELF Image Totals
     24618       1752       2910         64          0          0   ROM Totals

==============================================================================

    Total RO  Size (Code + RO Data)                27528 (  26.88kB)
    Total RW  Size (RW Data + ZI Data)              1816 (   1.77kB)
    Total ROM Size (Code + RO Data + RW Data)      27592 (  26.95kB)

==============================================================================

